******************************************************************************
                  MSP430 Linker PC v20.2.5                     
******************************************************************************
>> Linked Mon Nov 21 18:39:19 2022

OUTPUT FILE NAME:   <CC430F5137_EndDevice.out>
ENTRY POINT SYMBOL: "_c_int00_noargs"  address: 0000ba64


MEMORY CONFIGURATION

         name            origin    length      used     unused   attr    fill
----------------------  --------  ---------  --------  --------  ----  --------
  SFR                   00000000   00000010  00000000  00000010  RWIX
  PERIPHERALS_8BIT      00000010   000000f0  00000000  000000f0  RWIX
  PERIPHERALS_16BIT     00000100   00000100  00000000  00000100  RWIX
  INFOD                 00001800   00000080  00000000  00000080  RWIX
  INFOC                 00001880   00000080  00000000  00000080  RWIX
  INFOB                 00001900   00000080  00000000  00000080  RWIX
  INFOA                 00001980   00000080  00000000  00000080  RWIX
  RAM                   00001c00   00000ffe  000001a9  00000e55  RWIX
  FLASH                 00008000   00007f80  00003dab  000041d5  RWIX
  INT00                 0000ff80   00000002  00000000  00000002  RWIX
  INT01                 0000ff82   00000002  00000000  00000002  RWIX
  INT02                 0000ff84   00000002  00000000  00000002  RWIX
  INT03                 0000ff86   00000002  00000000  00000002  RWIX
  INT04                 0000ff88   00000002  00000000  00000002  RWIX
  INT05                 0000ff8a   00000002  00000000  00000002  RWIX
  INT06                 0000ff8c   00000002  00000000  00000002  RWIX
  INT07                 0000ff8e   00000002  00000000  00000002  RWIX
  INT08                 0000ff90   00000002  00000000  00000002  RWIX
  INT09                 0000ff92   00000002  00000000  00000002  RWIX
  INT10                 0000ff94   00000002  00000000  00000002  RWIX
  INT11                 0000ff96   00000002  00000000  00000002  RWIX
  INT12                 0000ff98   00000002  00000000  00000002  RWIX
  INT13                 0000ff9a   00000002  00000000  00000002  RWIX
  INT14                 0000ff9c   00000002  00000000  00000002  RWIX
  INT15                 0000ff9e   00000002  00000000  00000002  RWIX
  INT16                 0000ffa0   00000002  00000000  00000002  RWIX
  INT17                 0000ffa2   00000002  00000000  00000002  RWIX
  INT18                 0000ffa4   00000002  00000000  00000002  RWIX
  INT19                 0000ffa6   00000002  00000000  00000002  RWIX
  INT20                 0000ffa8   00000002  00000000  00000002  RWIX
  INT21                 0000ffaa   00000002  00000000  00000002  RWIX
  INT22                 0000ffac   00000002  00000000  00000002  RWIX
  INT23                 0000ffae   00000002  00000000  00000002  RWIX
  INT24                 0000ffb0   00000002  00000000  00000002  RWIX
  INT25                 0000ffb2   00000002  00000000  00000002  RWIX
  INT26                 0000ffb4   00000002  00000000  00000002  RWIX
  INT27                 0000ffb6   00000002  00000000  00000002  RWIX
  INT28                 0000ffb8   00000002  00000000  00000002  RWIX
  INT29                 0000ffba   00000002  00000000  00000002  RWIX
  INT30                 0000ffbc   00000002  00000000  00000002  RWIX
  INT31                 0000ffbe   00000002  00000000  00000002  RWIX
  INT32                 0000ffc0   00000002  00000000  00000002  RWIX
  INT33                 0000ffc2   00000002  00000000  00000002  RWIX
  INT34                 0000ffc4   00000002  00000000  00000002  RWIX
  INT35                 0000ffc6   00000002  00000000  00000002  RWIX
  INT36                 0000ffc8   00000002  00000000  00000002  RWIX
  INT37                 0000ffca   00000002  00000000  00000002  RWIX
  INT38                 0000ffcc   00000002  00000000  00000002  RWIX
  INT39                 0000ffce   00000002  00000000  00000002  RWIX
  INT40                 0000ffd0   00000002  00000000  00000002  RWIX
  INT41                 0000ffd2   00000002  00000000  00000002  RWIX
  INT42                 0000ffd4   00000002  00000000  00000002  RWIX
  INT43                 0000ffd6   00000002  00000000  00000002  RWIX
  INT44                 0000ffd8   00000002  00000000  00000002  RWIX
  INT45                 0000ffda   00000002  00000002  00000000  RWIX
  INT46                 0000ffdc   00000002  00000002  00000000  RWIX
  INT47                 0000ffde   00000002  00000000  00000002  RWIX
  INT48                 0000ffe0   00000002  00000002  00000000  RWIX
  INT49                 0000ffe2   00000002  00000002  00000000  RWIX
  INT50                 0000ffe4   00000002  00000002  00000000  RWIX
  INT51                 0000ffe6   00000002  00000002  00000000  RWIX
  INT52                 0000ffe8   00000002  00000002  00000000  RWIX
  INT53                 0000ffea   00000002  00000002  00000000  RWIX
  INT54                 0000ffec   00000002  00000002  00000000  RWIX
  INT55                 0000ffee   00000002  00000002  00000000  RWIX
  INT56                 0000fff0   00000002  00000002  00000000  RWIX
  INT57                 0000fff2   00000002  00000002  00000000  RWIX
  INT58                 0000fff4   00000002  00000002  00000000  RWIX
  INT59                 0000fff6   00000002  00000002  00000000  RWIX
  INT60                 0000fff8   00000002  00000002  00000000  RWIX
  INT61                 0000fffa   00000002  00000002  00000000  RWIX
  INT62                 0000fffc   00000002  00000002  00000000  RWIX
  RESET                 0000fffe   00000002  00000002  00000000  RWIX


SECTION ALLOCATION MAP

 output                                  attributes/
section   page    origin      length       input sections
--------  ----  ----------  ----------   ----------------
.bss       0    00001c00    000000ec     UNINITIALIZED
                  00001c00    00000034     nwk_QMgmt.obj (.bss:sInFrameQ)
                  00001c34    00000034     nwk_QMgmt.obj (.bss:sOutFrameQ)
                  00001c68    00000024     (.common:_bme280_calib)
                  00001c8c    00000018     mrfi.obj (.bss:mrfiIncomingPacket)
                  00001ca4    0000000e     i2c.obj (.bss)
                  00001cb2    0000000a     (.common:msg)
                  00001cbc    00000004     nwk_globals.obj (.bss:sAPAddress)
                  00001cc0    00000004     nwk_globals.obj (.bss:sMyRAMAddress)
                  00001cc4    00000004     (.common:_sensorID)
                  00001cc8    00000004     (.common:fptr_Timer1_A3_function)
                  00001ccc    00000004     (.common:fptr_one_sec_function)
                  00001cd0    00000004     (.common:hum)
                  00001cd4    00000004     (.common:internal_temp)
                  00001cd8    00000004     (.common:pressure)
                  00001cdc    00000004     (.common:sTimer)
                  00001ce0    00000004     (.common:t_fine)
                  00001ce4    00000004     (.common:temp)
                  00001ce8    00000002     nwk_link.obj (.bss:sServiceLinkID)
                  00001cea    00000002     (.common:int_temp)

.data      0    00001cec    0000006d     UNINITIALIZED
                  00001cec    00000029     nwk.obj (.data:sPersistInfo)
                  00001d15    00000001     nwk_api.obj (.data)
                  00001d16    00000017     mrfi.obj (.data)
                  00001d2d    00000001     nwk_globals.obj (.data)
                  00001d2e    0000000a     nwk_frame.obj (.data)
                  00001d38    00000009     nwk_join.obj (.data)
                  00001d41    00000001     nwk_ping.obj (.data)
                  00001d42    00000007     nwk_link.obj (.data)
                  00001d49    00000001     --HOLE--
                  00001d4a    00000004     bme280.obj (.data)
                  00001d4e    00000004     mrfi.obj (.data:mrfiRxFilterAddr)
                  00001d52    00000003     main_LinkTo.obj (.data)
                  00001d55    00000001     --HOLE--
                  00001d56    00000003     nwk_mgmt.obj (.data)

.stack     0    00002bac    00000050     UNINITIALIZED
                  00002bac    00000002     rts430x_lc_sd_eabi.lib : boot.c.obj (.stack)
                  00002bae    0000004e     --HOLE--

.text      0    00008000    00003d0c     
                  00008000    000003be     bme280.obj (.text:bme280_readPressure)
                  000083be    0000034e     rts430x_lc_sd_eabi.lib : div64u.c.obj (.text:__mspabi_divull)
                  0000870c    00000298                            : mpyd.c.obj (.text:__mspabi_mpyd)
                  000089a4    000001e2     mrfi.obj (.text:MRFI_Init)
                  00008b86    000001b6     bme280.obj (.text:bme280_readHumidity)
                  00008d3c    00000196     nwk_link.obj (.text:smpl_send_link_reply)
                  00008ed2    00000186     main_LinkTo.obj (.text:main)
                  00009058    00000164     rts430x_lc_sd_eabi.lib : frcmpyd.c.obj (.text:__TI_frcmpyd)
                  000091bc    00000156     nwk_link.obj (.text:nwk_link)
                  00009312    0000013c     rts430x_lc_sd_eabi.lib : div64s.c.obj (.text:__mspabi_divlli)
                  0000944e    0000013a     nwk_api.obj (.text:SMPL_Ioctl)
                  00009588    00000138     rts430x_lc_sd_eabi.lib : fltllid.c.obj (.text:__mspabi_fltllid)
                  000096c0    0000012a     nwk_QMgmt.obj (.text:nwk_QfindOldest)
                  000097ea    00000108     bme280.obj (.text:bme280_readCoefficients)
                  000098f2    00000100     nwk_api.obj (.text:SMPL_SendOpt)
                  000099f2    000000fa     mrfi.obj (.text:Mrfi_SyncPinRxIsr)
                  00009aec    000000f0     nwk_join.obj (.text:nwk_join)
                  00009bdc    000000ee     rts430x_lc_sd_eabi.lib : copy_decompress_lzss.c.obj (.text:decompress:lzss:__TI_decompress_lzss)
                  00009cca    000000d6     nwk.obj (.text:nwk_allocateLocalRxPort)
                  00009da0    000000ce     bme280.obj (.text:bme280_readTemperature)
                  00009e6e    000000c6     mrfi.obj (.text:MRFI_Transmit)
                  00009f34    000000b2     nwk_frame.obj (.text:dispatchFrame)
                  00009fe6    000000a6     nwk_frame.obj (.text:nwk_retrieveFrame)
                  0000a08c    000000a2     i2c.obj (.text:_isr:USCIAB1TX_ISR)
                  0000a12e    000000a0     nwk_ioctl.obj (.text:nwk_radioControl)
                  0000a1ce    0000009e     bme280.obj (.text:bme280_init)
                  0000a26c    0000009a     nwk_frame.obj (.text:nwk_sendAckReply)
                  0000a306    00000096     nwk_frame.obj (.text:nwk_buildFrame)
                  0000a39c    00000094     mrfi.obj (.text:mrfiRadioInterfaceCmdStrobe)
                  0000a430    00000092     nwk.obj (.text:nwk_isConnectionValid)
                  0000a4c2    00000086     nwk.obj (.text:nwk_nwkInit)
                  0000a548    00000080     rts430x_lc_sd_eabi.lib : fltuld.c.obj (.text:__mspabi_fltuld)
                  0000a5c8    0000007c     nwk_QMgmt.obj (.text:nwk_QfindSlot)
                  0000a644    0000006a     rts430x_lc_sd_eabi.lib : autoinit.c.obj (.text:__TI_auto_init_nobinit_nopinit_hold_wdt:__TI_auto_init_nobinit_nopinit_hold_wdt)
                  0000a6ae    00000068                            : fixdul.c.obj (.text:__mspabi_fixdul)
                  0000a716    00000068     mrfi.obj (.text:_isr:MRFI_RadioIsr)
                  0000a77e    00000066     rts430x_lc_sd_eabi.lib : fixdli.c.obj (.text:__mspabi_fixdli)
                  0000a7e4    00000066     nwk_link.obj (.text:smpl_send_unlink_reply)
                  0000a84a    00000064     mrfi.obj (.text:mrfiRadioInterfaceReadRxFifo)
                  0000a8ae    0000005c     rts430x_lc_sd_eabi.lib : mult64_f5hw.asm.obj (.text:__mpyll)
                  0000a90a    0000005c     i2c.obj (.text:init_i2c)
                  0000a966    00000058     timer.obj (.text:_isr:Timer1_A1_5_ISR)
                  0000a9be    00000058     rts430x_lc_sd_eabi.lib : div32u.asm.obj (.text)
                  0000aa16    00000054     main_LinkTo.obj (.text:sRxCallback)
                  0000aa6a    00000052     bsp.obj (.text:Bsp_SetClocks)
                  0000aabc    00000052     bsp.obj (.text:SetVCoreUp)
                  0000ab0e    00000052     nwk_ioctl.obj (.text:nwk_rawSend)
                  0000ab60    00000050     timer.obj (.text:Timer1_A4_Delay)
                  0000abb0    00000050     nwk.obj (.text:nwk_getNextConnection)
                  0000ac00    0000004a     mrfi.obj (.text:mrfiRadioInterfaceReadReg)
                  0000ac4a    00000048     nwk_api.obj (.text:SMPL_Receive)
                  0000ac92    00000046     mrfi.obj (.text:Mrfi_RxAddrIsFiltered)
                  0000acd8    00000046     nwk.obj (.text:nwk_findPeer)
                  0000ad1e    00000044     mrfi.obj (.text:MRFI_ReplyDelay)
                  0000ad62    00000044     nwk_ping.obj (.text:smpl_send_ping_reply)
                  0000ada6    00000042     i2c.obj (.text:i2c_read)
                  0000ade8    00000042     nwk.obj (.text:nwk_isLinkDuplicate)
                  0000ae2a    00000040     rts430x_lc_sd_eabi.lib : cpy_util.asm.obj (.text:__memcpy_far)
                  0000ae6a    00000040                            : asr64.c.obj (.text:__mspabi_srall)
                  0000aeaa    00000040                            : div32s.asm.obj (.text)
                  0000aeea    0000003e                            : copy_zero_init.c.obj (.text:decompress:ZI:__TI_zero_init_nomemset:__TI_zero_init_nomemset)
                  0000af28    0000003e     nwk.obj (.text:initializeConnection)
                  0000af66    0000003e     rts430x_lc_sd_eabi.lib : asr32.asm.obj (.text:l_asr_const)
                  0000afa4    0000003e                            : lsl32.asm.obj (.text:l_lsl_const)
                  0000afe2    0000003e                            : lsr32.asm.obj (.text:l_lsr_const)
                  0000b020    0000003e     bme280.obj (.text:read24)
                  0000b05e    0000003c     rts430x_lc_sd_eabi.lib : copy_decompress_none.c.obj (.text:decompress:none:__TI_decompress_none)
                  0000b09a    0000003c     nwk.obj (.text:nwk_putNumObjectIntoMsg)
                  0000b0d6    0000003a     rts430x_lc_sd_eabi.lib : lsl64.c.obj (.text:__mspabi_sllll)
                  0000b110    0000003a                            : lsr64.c.obj (.text:__mspabi_srlll)
                  0000b14a    0000003a     nwk.obj (.text:nwk_isValidReply)
                  0000b184    0000003a     nwk_mgmt.obj (.text:nwk_processMgmt)
                  0000b1be    00000038     mrfi.obj (.text:mrfiRadioInterfaceWriteReg)
                  0000b1f6    00000038     mrfi.obj (.text:mrfiRadioInterfaceWriteTxFifo)
                  0000b22e    00000036     bsp.obj (.text:BSP_Delay)
                  0000b264    00000036     nwk_QMgmt.obj (.text:nwk_QadjustOrder)
                  0000b29a    00000034     nwk_api.obj (.text:SMPL_Init)
                  0000b2ce    00000032     mrfi.obj (.text:MRFI_SetLogicalChannel)
                  0000b300    00000032     nwk_ioctl.obj (.text:nwk_deviceAddress)
                  0000b332    00000032     nwk.obj (.text:nwk_getConnInfo)
                  0000b364    00000032     nwk_link.obj (.text:nwk_linkInit)
                  0000b396    00000030     mrfi.obj (.text:MRFI_SetRxAddrFilter)
                  0000b3c6    00000030     nwk.obj (.text:map_lid2idx)
                  0000b3f6    00000030     nwk_ioctl.obj (.text:nwk_rawReceive)
                  0000b426    00000030     nwk_frame.obj (.text:nwk_sendFrame)
                  0000b456    00000030     bme280.obj (.text:read16)
                  0000b486    0000002e     mrfi.obj (.text:Mrfi_CalculateRssi)
                  0000b4b4    0000002e     mrfi.obj (.text:Mrfi_DelayUsecSem)
                  0000b4e2    0000002e     timer.obj (.text:_isr:Timer1_A0_ISR)
                  0000b510    0000002c     mrfi.obj (.text:Mrfi_RxModeOff)
                  0000b53c    0000002c     rts430x_lc_sd_eabi.lib : mult3264_f5hw.asm.obj (.text:__mpyull)
                  0000b568    0000002c     adc.obj (.text:adc_Init)
                  0000b594    0000002c     nwk_link.obj (.text:handleLinkRequest)
                  0000b5c0    0000002c     i2c.obj (.text:i2c_write)
                  0000b5ec    0000002c     nwk_frame.obj (.text:nwk_buildAckReqFrame)
                  0000b618    0000002c     rts430x_lc_sd_eabi.lib : div16s.asm.obj (.text)
                  0000b644    0000002a     nwk.obj (.text:nwk_checkConnInfo)
                  0000b66e    00000028     mrfi.obj (.text:MRFI_Sleep)
                  0000b696    00000028     mrfi.obj (.text:Mrfi_DelayUsec)
                  0000b6be    00000028     bsp.obj (.text:SetVCore)
                  0000b6e6    00000028     rts430x_lc_sd_eabi.lib : memmov.c.obj (.text:memmove)
                  0000b70e    00000028     nwk_ping.obj (.text:nwk_processPing)
                  0000b736    00000026     bsp.obj (.text:SetVCoreDown)
                  0000b75c    00000026     nwk_ioctl.obj (.text:nwk_connectionControl)
                  0000b782    00000026     nwk_globals.obj (.text:nwk_globalsInit)
                  0000b7a8    00000026     nwk_join.obj (.text:nwk_joinInit)
                  0000b7ce    00000026     nwk_link.obj (.text:nwk_processLink)
                  0000b7f4    00000026     bme280.obj (.text:read8)
                  0000b81a    00000024     mrfi.obj (.text:MRFI_Rssi)
                  0000b83e    00000024     mrfi.obj (.text:Mrfi_RandomBackoffDelay)
                  0000b862    00000024     rts430x_lc_sd_eabi.lib : mult32_f5hw.asm.obj (.text)
                  0000b886    00000022     mrfi.obj (.text:MRFI_EnableRxAddrFilter)
                  0000b8a8    00000022     mrfi.obj (.text:MRFI_RxOn)
                  0000b8ca    00000022     mrfi.obj (.text:MRFI_WakeUp)
                  0000b8ec    00000022     rts430x_lc_sd_eabi.lib : memcmp.c.obj (.text:memcmp)
                  0000b90e    00000020     bsp.obj (.text:BSP_Init)
                  0000b92e    00000020     nwk_frame.obj (.text:MRFI_RxCompleteISR)
                  0000b94e    00000020     mrfi.obj (.text:MRFI_RxIdle)
                  0000b96e    00000020     adc.obj (.text:adc_GetRawTemp)
                  0000b98e    00000020     nwk_frame.obj (.text:nwk_frameInit)
                  0000b9ae    00000020     nwk_join.obj (.text:nwk_processJoin)
                  0000b9ce    00000020     nwk_link.obj (.text:nwk_unlink_forces)
                  0000b9ee    0000001e     bsp.obj (.text:BSP_InitLeds)
                  0000ba0c    0000001e     mrfi.obj (.text:MRFI_SetRFPwr)
                  0000ba2a    0000001e     nwk_QMgmt.obj (.text:nwk_QInit)
                  0000ba48    0000001c     adc.obj (.text:_isr:ADC12ISR)
                  0000ba64    0000001c     rts430x_lc_sd_eabi.lib : boot.c.obj (.text:_isr:_c_int00_noargs)
                  0000ba80    0000001c     nwk_globals.obj (.text:nwk_setMyAddress)
                  0000ba9c    0000001c     bme280.obj (.text:write8)
                  0000bab8    00000018     rts430x_lc_sd_eabi.lib : mult16_f5hw.asm.obj (.text)
                  0000bad0    00000016     mrfi.obj (.text:MRFI_RandomByte)
                  0000bae6    00000016     mrfi.obj (.text:Mrfi_RxModeOn)
                  0000bafc    00000016     rts430x_lc_sd_eabi.lib : llabs.c.obj (.text:llabs)
                  0000bb12    00000016                            : div16u.asm.obj (.text)
                  0000bb28    00000016     main_LinkTo.obj (.text:toggleLED)
                  0000bb3e    00000014     timer.obj (.text:Timer1_Init)
                  0000bb52    00000014     nwk_api.obj (.text:ioctlPreInitAccessIsOK)
                  0000bb66    00000014     rts430x_lc_sd_eabi.lib : memset.c.obj (.text:memset)
                  0000bb7a    00000012     bsp.obj (.text:_system_pre_init)
                  0000bb8c    00000012     rts430x_lc_sd_eabi.lib : memcpy.c.obj (.text:memcpy)
                  0000bb9e    00000012     nwk_join.obj (.text:nwk_getJoinToken)
                  0000bbb0    00000012     nwk_link.obj (.text:nwk_getLinkToken)
                  0000bbc2    00000012     nwk_globals.obj (.text:nwk_getMyAddress)
                  0000bbd4    00000012     nwk_join.obj (.text:nwk_setJoinToken)
                  0000bbe6    00000012     nwk_link.obj (.text:nwk_setLinkToken)
                  0000bbf8    00000010     bsp.obj (.text:BSP_InitBoard)
                  0000bc08    00000010     rts430x_lc_sd_eabi.lib : asr32.asm.obj (.text:l_asr)
                  0000bc18    00000010                            : lsr32.asm.obj (.text:l_lsr)
                  0000bc28    0000000e     bsp.obj (.text:BSP_InitButtons)
                  0000bc36    0000000e     mrfi.obj (.text:MRFI_Receive)
                  0000bc44    0000000e     bme280.obj (.text:bme280_isReadingCalibration)
                  0000bc52    0000000e     nwk.obj (.text:nwk_getNumObjectFromMsg)
                  0000bc60    0000000e     nwk_globals.obj (.text:nwk_setAPAddress)
                  0000bc6e    0000000c     bsp.obj (.text:BSP_to_lpm)
                  0000bc7a    0000000c     mrfi.obj (.text:MRFI_PostKillSem)
                  0000bc86    0000000c     nwk_ping.obj (.text:handlePingRequest)
                  0000bc92    0000000a     bsp.obj (.text:BSP_InitDrivers)
                  0000bc9c    0000000a     bsp.obj (.text:Bsp_SetVCore)
                  0000bca6    0000000a     nwk_mgmt.obj (.text:nwk_mgmtInit)
                  0000bcb0    0000000a     nwk_ping.obj (.text:nwk_pingInit)
                  0000bcba    00000008     rts430x_lc_sd_eabi.lib : isr_trap.asm.obj (.text:_isr:__TI_ISR_TRAP)
                  0000bcc2    00000008     bme280.obj (.text:read16_LE)
                  0000bcca    00000006     mrfi.obj (.text:MRFI_GetRadioState)
                  0000bcd0    00000006     rts430x_lc_sd_eabi.lib : exit.c.obj (.text:abort)
                  0000bcd6    00000006     nwk.obj (.text:nwk_freeConnection)
                  0000bcdc    00000006     nwk_globals.obj (.text:nwk_getBCastAddress)
                  0000bce2    00000006     nwk_globals.obj (.text:nwk_getFWVersion)
                  0000bce8    00000006     nwk_frame.obj (.text:nwk_getMyRxType)
                  0000bcee    00000006     nwk_globals.obj (.text:nwk_getProtocolVersion)
                  0000bcf4    00000006     bme280.obj (.text:readS16_LE)
                  0000bcfa    00000004     nwk.obj (.text:nwk_NVObj)
                  0000bcfe    00000004     nwk_freq.obj (.text:nwk_processFreq)
                  0000bd02    00000004     nwk_security.obj (.text:nwk_processSecurity)
                  0000bd06    00000002     rts430x_lc_sd_eabi.lib : startup.c.obj (.text:_system_post_cinit)
                  0000bd08    00000002     nwk_freq.obj (.text:nwk_freqInit)
                  0000bd0a    00000002     nwk_security.obj (.text:nwk_securityInit)

.const     0    0000bd0c    0000006d     
                  0000bd0c    00000040     mrfi.obj (.const:mrfiRadioCfg)
                  0000bd4c    00000018     nwk_frame.obj (.const:func)
                  0000bd64    00000005     nwk_globals.obj (.const:sVersionInfo)
                  0000bd69    00000001     nwk_frame.obj (.const)
                  0000bd6a    00000004     mrfi.obj (.const:.string:mrfiBroadcastAddr)
                  0000bd6e    00000004     mrfi.obj (.const:.string:mrfiLogicalChanTable)
                  0000bd72    00000004     nwk_globals.obj (.const:sMyROMAddress)
                  0000bd76    00000003     mrfi.obj (.const:.string:mrfiRFPowerTable)

.cinit     0    0000bd7a    00000032     
                  0000bd7a    00000010     (.cinit..data.load) [load image, compression = lzss]
                  0000bd8a    0000000c     (__TI_handler_table)
                  0000bd96    00000006     (.cinit..bss.load) [load image, compression = zero_init]
                  0000bd9c    00000010     (__TI_cinit_table)

.binit     0    00008000    00000000     

.init_array 
*          0    00008000    00000000     UNINITIALIZED

AES        0    0000ffda    00000002     
                  0000ffda    00000002     rts430x_lc_sd_eabi.lib : int45.asm.obj (.int45)

RTC        0    0000ffdc    00000002     
                  0000ffdc    00000002     rts430x_lc_sd_eabi.lib : int46.asm.obj (.int46)

PORT2      0    0000ffe0    00000002     
                  0000ffe0    00000002     rts430x_lc_sd_eabi.lib : int48.asm.obj (.int48)

PORT1      0    0000ffe2    00000002     
                  0000ffe2    00000002     rts430x_lc_sd_eabi.lib : int49.asm.obj (.int49)

TIMER1_A1 
*          0    0000ffe4    00000002     
                  0000ffe4    00000002     timer.obj (.int50)

TIMER1_A0 
*          0    0000ffe6    00000002     
                  0000ffe6    00000002     timer.obj (.int51)

DMA        0    0000ffe8    00000002     
                  0000ffe8    00000002     rts430x_lc_sd_eabi.lib : int52.asm.obj (.int52)

CC1101     0    0000ffea    00000002     
                  0000ffea    00000002     mrfi.obj (.int53)

TIMER0_A1 
*          0    0000ffec    00000002     
                  0000ffec    00000002     rts430x_lc_sd_eabi.lib : int54.asm.obj (.int54)

TIMER0_A0 
*          0    0000ffee    00000002     
                  0000ffee    00000002     rts430x_lc_sd_eabi.lib : int55.asm.obj (.int55)

ADC12      0    0000fff0    00000002     
                  0000fff0    00000002     adc.obj (.int56)

USCI_B0    0    0000fff2    00000002     
                  0000fff2    00000002     i2c.obj (.int57)

USCI_A0    0    0000fff4    00000002     
                  0000fff4    00000002     rts430x_lc_sd_eabi.lib : int58.asm.obj (.int58)

WDT        0    0000fff6    00000002     
                  0000fff6    00000002     rts430x_lc_sd_eabi.lib : int59.asm.obj (.int59)

COMP_B     0    0000fff8    00000002     
                  0000fff8    00000002     rts430x_lc_sd_eabi.lib : int60.asm.obj (.int60)

UNMI       0    0000fffa    00000002     
                  0000fffa    00000002     rts430x_lc_sd_eabi.lib : int61.asm.obj (.int61)

SYSNMI     0    0000fffc    00000002     
                  0000fffc    00000002     rts430x_lc_sd_eabi.lib : int62.asm.obj (.int62)

.reset     0    0000fffe    00000002     
                  0000fffe    00000002     rts430x_lc_sd_eabi.lib : boot.c.obj (.reset)

MODULE SUMMARY

       Module                       code    ro data   rw data
       ------                       ----    -------   -------
    .\Applications\application\End Device\
       bme280.obj                   2228    0         48     
       main_LinkTo.obj              496     0         31     
       i2c.obj                      364     2         14     
       timer.obj                    234     4         8      
       adc.obj                      104     2         4      
    +--+----------------------------+-------+---------+---------+
       Total:                       3426    8         105    
                                                             
    .\Components\bsp\
       bsp.obj                      438     0         0      
    +--+----------------------------+-------+---------+---------+
       Total:                       438     0         0      
                                                             
    .\Components\mrfi\
       mrfi.obj                     2232    77        51     
    +--+----------------------------+-------+---------+---------+
       Total:                       2232    77        51     
                                                             
    .\Components\nwk\
       nwk.obj                      1054    0         41     
       nwk_frame.obj                810     25        10     
       nwk_api.obj                  714     0         1      
       nwk_QMgmt.obj                506     0         104    
       nwk_globals.obj              116     9         9      
    +--+----------------------------+-------+---------+---------+
       Total:                       3200    34        165    
                                                             
    .\Components\nwk_applications\
       nwk_link.obj                 1050    0         9      
       nwk_ioctl.obj                378     0         0      
       nwk_join.obj                 346     0         9      
       nwk_ping.obj                 130     0         1      
       nwk_mgmt.obj                 68      0         3      
       nwk_freq.obj                 6       0         0      
       nwk_security.obj             6       0         0      
    +--+----------------------------+-------+---------+---------+
       Total:                       1984    0         22     
                                                             
    C:\ti\ccs1040\ccs\tools\compiler\ti-cgt-msp430_20.2.5.LTS\lib\rts430x_lc_sd_eabi.lib
       div64u.c.obj                 846     0         0      
       mpyd.c.obj                   664     0         0      
       frcmpyd.c.obj                356     0         0      
       div64s.c.obj                 316     0         0      
       fltllid.c.obj                312     0         0      
       copy_decompress_lzss.c.obj   238     0         0      
       fltuld.c.obj                 128     0         0      
       autoinit.c.obj               106     0         0      
       fixdul.c.obj                 104     0         0      
       fixdli.c.obj                 102     0         0      
       mult64_f5hw.asm.obj          92      0         0      
       div32u.asm.obj               88      0         0      
       asr32.asm.obj                78      0         0      
       lsr32.asm.obj                78      0         0      
       asr64.c.obj                  64      0         0      
       cpy_util.asm.obj             64      0         0      
       div32s.asm.obj               64      0         0      
       copy_zero_init.c.obj         62      0         0      
       lsl32.asm.obj                62      0         0      
       copy_decompress_none.c.obj   60      0         0      
       lsl64.c.obj                  58      0         0      
       lsr64.c.obj                  58      0         0      
       div16s.asm.obj               44      0         0      
       mult3264_f5hw.asm.obj        44      0         0      
       memmov.c.obj                 40      0         0      
       mult32_f5hw.asm.obj          36      0         0      
       memcmp.c.obj                 34      0         0      
       boot.c.obj                   28      2         0      
       mult16_f5hw.asm.obj          24      0         0      
       div16u.asm.obj               22      0         0      
       llabs.c.obj                  22      0         0      
       memset.c.obj                 20      0         0      
       memcpy.c.obj                 18      0         0      
       isr_trap.asm.obj             8       0         0      
       exit.c.obj                   6       0         0      
       int45.asm.obj                0       2         0      
       int46.asm.obj                0       2         0      
       int48.asm.obj                0       2         0      
       int49.asm.obj                0       2         0      
       int52.asm.obj                0       2         0      
       int54.asm.obj                0       2         0      
       int55.asm.obj                0       2         0      
       int58.asm.obj                0       2         0      
       int59.asm.obj                0       2         0      
       int60.asm.obj                0       2         0      
       int61.asm.obj                0       2         0      
       int62.asm.obj                0       2         0      
       startup.c.obj                2       0         0      
    +--+----------------------------+-------+---------+---------+
       Total:                       4348    26        0      
                                                             
       Stack:                       0       0         80     
       Linker Generated:            0       50        0      
    +--+----------------------------+-------+---------+---------+
       Grand Total:                 15628   195       423    


LINKER GENERATED COPY TABLES

__TI_cinit_table @ 0000bd9c records: 2, size/record: 8, table size: 16
	.data: load addr=0000bd7a, load size=00000010 bytes, run addr=00001cec, run size=0000006d bytes, compression=lzss
	.bss: load addr=0000bd96, load size=00000006 bytes, run addr=00001c00, run size=000000ec bytes, compression=zero_init


LINKER GENERATED HANDLER TABLE

__TI_handler_table @ 0000bd8a records: 3, size/record: 4, table size: 12
	index: 0, handler: __TI_zero_init
	index: 1, handler: __TI_decompress_lzss
	index: 2, handler: __TI_decompress_none


GLOBAL SYMBOLS: SORTED ALPHABETICALLY BY Name 

address   name                                   
-------   ----                                   
00000700  ADC12CTL0                              
00000701  ADC12CTL0_H                            
00000700  ADC12CTL0_L                            
00000702  ADC12CTL1                              
00000703  ADC12CTL1_H                            
00000702  ADC12CTL1_L                            
00000704  ADC12CTL2                              
00000705  ADC12CTL2_H                            
00000704  ADC12CTL2_L                            
0000070c  ADC12IE                                
0000070d  ADC12IE_H                              
0000070c  ADC12IE_L                              
0000070a  ADC12IFG                               
0000070b  ADC12IFG_H                             
0000070a  ADC12IFG_L                             
0000ba48  ADC12ISR                               
0000070e  ADC12IV                                
0000070f  ADC12IV_H                              
0000070e  ADC12IV_L                              
00000710  ADC12MCTL0                             
00000711  ADC12MCTL1                             
0000071a  ADC12MCTL10                            
0000071b  ADC12MCTL11                            
0000071c  ADC12MCTL12                            
0000071d  ADC12MCTL13                            
0000071e  ADC12MCTL14                            
0000071f  ADC12MCTL15                            
00000712  ADC12MCTL2                             
00000713  ADC12MCTL3                             
00000714  ADC12MCTL4                             
00000715  ADC12MCTL5                             
00000716  ADC12MCTL6                             
00000717  ADC12MCTL7                             
00000718  ADC12MCTL8                             
00000719  ADC12MCTL9                             
00000720  ADC12MEM0                              
00000721  ADC12MEM0_H                            
00000720  ADC12MEM0_L                            
00000722  ADC12MEM1                              
00000734  ADC12MEM10                             
00000735  ADC12MEM10_H                           
00000734  ADC12MEM10_L                           
00000736  ADC12MEM11                             
00000737  ADC12MEM11_H                           
00000736  ADC12MEM11_L                           
00000738  ADC12MEM12                             
00000739  ADC12MEM12_H                           
00000738  ADC12MEM12_L                           
0000073a  ADC12MEM13                             
0000073b  ADC12MEM13_H                           
0000073a  ADC12MEM13_L                           
0000073c  ADC12MEM14                             
0000073d  ADC12MEM14_H                           
0000073c  ADC12MEM14_L                           
0000073e  ADC12MEM15                             
0000073f  ADC12MEM15_H                           
0000073e  ADC12MEM15_L                           
00000723  ADC12MEM1_H                            
00000722  ADC12MEM1_L                            
00000724  ADC12MEM2                              
00000725  ADC12MEM2_H                            
00000724  ADC12MEM2_L                            
00000726  ADC12MEM3                              
00000727  ADC12MEM3_H                            
00000726  ADC12MEM3_L                            
00000728  ADC12MEM4                              
00000729  ADC12MEM4_H                            
00000728  ADC12MEM4_L                            
0000072a  ADC12MEM5                              
0000072b  ADC12MEM5_H                            
0000072a  ADC12MEM5_L                            
0000072c  ADC12MEM6                              
0000072d  ADC12MEM6_H                            
0000072c  ADC12MEM6_L                            
0000072e  ADC12MEM7                              
0000072f  ADC12MEM7_H                            
0000072e  ADC12MEM7_L                            
00000730  ADC12MEM8                              
00000731  ADC12MEM8_H                            
00000730  ADC12MEM8_L                            
00000732  ADC12MEM9                              
00000733  ADC12MEM9_H                            
00000732  ADC12MEM9_L                            
000009c0  AESACTL0                               
000009c1  AESACTL0_H                             
000009c0  AESACTL0_L                             
000009c8  AESADIN                                
000009c9  AESADIN_H                              
000009c8  AESADIN_L                              
000009ca  AESADOUT                               
000009cb  AESADOUT_H                             
000009ca  AESADOUT_L                             
000009c6  AESAKEY                                
000009c7  AESAKEY_H                              
000009c6  AESAKEY_L                              
000009c4  AESASTAT                               
000009c5  AESASTAT_H                             
000009c4  AESASTAT_L                             
0000b22e  BSP_Delay                              
0000b90e  BSP_Init                               
0000bbf8  BSP_InitBoard                          
0000bc28  BSP_InitButtons                        
0000bc92  BSP_InitDrivers                        
0000b9ee  BSP_InitLeds                           
0000bc6e  BSP_to_lpm                             
0000bcd0  C$$EXIT                                
000008c0  CBCTL0                                 
000008c1  CBCTL0_H                               
000008c0  CBCTL0_L                               
000008c2  CBCTL1                                 
000008c3  CBCTL1_H                               
000008c2  CBCTL1_L                               
000008c4  CBCTL2                                 
000008c5  CBCTL2_H                               
000008c4  CBCTL2_L                               
000008c6  CBCTL3                                 
000008c7  CBCTL3_H                               
000008c6  CBCTL3_L                               
000008cc  CBINT                                  
000008cd  CBINT_H                                
000008cc  CBINT_L                                
000008ce  CBIV                                   
00000150  CRCDI                                  
00000151  CRCDI_H                                
00000150  CRCDI_L                                
00000154  CRCINIRES                              
00000155  CRCINIRES_H                            
00000154  CRCINIRES_L                            
00000510  DMA0CTL                                
00000516  DMA0DA                                 
00000518  DMA0DAH                                
00000516  DMA0DAL                                
00000512  DMA0SA                                 
00000514  DMA0SAH                                
00000512  DMA0SAL                                
0000051a  DMA0SZ                                 
00000520  DMA1CTL                                
00000526  DMA1DA                                 
00000528  DMA1DAH                                
00000526  DMA1DAL                                
00000522  DMA1SA                                 
00000524  DMA1SAH                                
00000522  DMA1SAL                                
0000052a  DMA1SZ                                 
00000530  DMA2CTL                                
00000536  DMA2DA                                 
00000538  DMA2DAH                                
00000536  DMA2DAL                                
00000532  DMA2SA                                 
00000534  DMA2SAH                                
00000532  DMA2SAL                                
0000053a  DMA2SZ                                 
00000500  DMACTL0                                
00000502  DMACTL1                                
00000504  DMACTL2                                
00000506  DMACTL3                                
00000508  DMACTL4                                
0000050e  DMAIV                                  
00000140  FCTL1                                  
00000141  FCTL1_H                                
00000140  FCTL1_L                                
00000144  FCTL3                                  
00000145  FCTL3_H                                
00000144  FCTL3_L                                
00000146  FCTL4                                  
00000147  FCTL4_H                                
00000146  FCTL4_L                                
000004c4  MAC                                    
000004da  MAC32H                                 
000004db  MAC32H_H                               
000004da  MAC32H_L                               
000004d8  MAC32L                                 
000004d9  MAC32L_H                               
000004d8  MAC32L_L                               
000004c6  MACS                                   
000004de  MACS32H                                
000004df  MACS32H_H                              
000004de  MACS32H_L                              
000004dc  MACS32L                                
000004dd  MACS32L_H                              
000004dc  MACS32L_L                              
000004c7  MACS_H                                 
000004c6  MACS_L                                 
000004c5  MAC_H                                  
000004c4  MAC_L                                  
000004c0  MPY                                    
000004ec  MPY32CTL0                              
000004ed  MPY32CTL0_H                            
000004ec  MPY32CTL0_L                            
000004d2  MPY32H                                 
000004d3  MPY32H_H                               
000004d2  MPY32H_L                               
000004d0  MPY32L                                 
000004d1  MPY32L_H                               
000004d0  MPY32L_L                               
000004c2  MPYS                                   
000004d6  MPYS32H                                
000004d7  MPYS32H_H                              
000004d6  MPYS32H_L                              
000004d4  MPYS32L                                
000004d5  MPYS32L_H                              
000004d4  MPYS32L_L                              
000004c3  MPYS_H                                 
000004c2  MPYS_L                                 
000004c1  MPY_H                                  
000004c0  MPY_L                                  
0000b886  MRFI_EnableRxAddrFilter                
0000bcca  MRFI_GetRadioState                     
000089a4  MRFI_Init                              
0000bc7a  MRFI_PostKillSem                       
0000a716  MRFI_RadioIsr                          
0000bad0  MRFI_RandomByte                        
0000bc36  MRFI_Receive                           
0000ad1e  MRFI_ReplyDelay                        
0000b81a  MRFI_Rssi                              
0000b92e  MRFI_RxCompleteISR                     
0000b94e  MRFI_RxIdle                            
0000b8a8  MRFI_RxOn                              
0000b2ce  MRFI_SetLogicalChannel                 
0000ba0c  MRFI_SetRFPwr                          
0000b396  MRFI_SetRxAddrFilter                   
0000b66e  MRFI_Sleep                             
00009e6e  MRFI_Transmit                          
0000b8ca  MRFI_WakeUp                            
000004c8  OP2                                    
000004e2  OP2H                                   
000004e3  OP2H_H                                 
000004e2  OP2H_L                                 
000004e0  OP2L                                   
000004e1  OP2L_H                                 
000004e0  OP2L_L                                 
000004c9  OP2_H                                  
000004c8  OP2_L                                  
0000020e  P1IV                                   
000001c8  P1MAP01                                
000001c9  P1MAP01_H                              
000001c8  P1MAP01_L                              
000001ca  P1MAP23                                
000001cb  P1MAP23_H                              
000001ca  P1MAP23_L                              
000001cc  P1MAP45                                
000001cd  P1MAP45_H                              
000001cc  P1MAP45_L                              
000001ce  P1MAP67                                
000001cf  P1MAP67_H                              
000001ce  P1MAP67_L                              
0000021e  P2IV                                   
000001d0  P2MAP01                                
000001d1  P2MAP01_H                              
000001d0  P2MAP01_L                              
000001d2  P2MAP23                                
000001d3  P2MAP23_H                              
000001d2  P2MAP23_L                              
000001d4  P2MAP45                                
000001d5  P2MAP45_H                              
000001d4  P2MAP45_L                              
000001d6  P2MAP67                                
000001d7  P2MAP67_H                              
000001d6  P2MAP67_L                              
000001d8  P3MAP01                                
000001d9  P3MAP01_H                              
000001d8  P3MAP01_L                              
000001da  P3MAP23                                
000001db  P3MAP23_H                              
000001da  P3MAP23_L                              
000001dc  P3MAP45                                
000001dd  P3MAP45_H                              
000001dc  P3MAP45_L                              
000001de  P3MAP67                                
000001df  P3MAP67_H                              
000001de  P3MAP67_L                              
00000204  PADIR                                  
00000205  PADIR_H                                
00000204  PADIR_L                                
00000208  PADS                                   
00000209  PADS_H                                 
00000208  PADS_L                                 
0000021a  PAIE                                   
00000218  PAIES                                  
00000219  PAIES_H                                
00000218  PAIES_L                                
0000021b  PAIE_H                                 
0000021a  PAIE_L                                 
0000021c  PAIFG                                  
0000021d  PAIFG_H                                
0000021c  PAIFG_L                                
00000200  PAIN                                   
00000201  PAIN_H                                 
00000200  PAIN_L                                 
00000202  PAOUT                                  
00000203  PAOUT_H                                
00000202  PAOUT_L                                
00000206  PAREN                                  
00000207  PAREN_H                                
00000206  PAREN_L                                
0000020a  PASEL                                  
0000020b  PASEL_H                                
0000020a  PASEL_L                                
00000224  PBDIR                                  
00000225  PBDIR_H                                
00000224  PBDIR_L                                
00000228  PBDS                                   
00000229  PBDS_H                                 
00000228  PBDS_L                                 
00000220  PBIN                                   
00000221  PBIN_H                                 
00000220  PBIN_L                                 
00000222  PBOUT                                  
00000223  PBOUT_H                                
00000222  PBOUT_L                                
00000226  PBREN                                  
00000227  PBREN_H                                
00000226  PBREN_L                                
0000022a  PBSEL                                  
0000022b  PBSEL_H                                
0000022a  PBSEL_L                                
00000244  PCDIR                                  
00000245  PCDIR_H                                
00000244  PCDIR_L                                
00000248  PCDS                                   
00000249  PCDS_H                                 
00000248  PCDS_L                                 
00000240  PCIN                                   
00000241  PCIN_H                                 
00000240  PCIN_L                                 
00000242  PCOUT                                  
00000243  PCOUT_H                                
00000242  PCOUT_L                                
00000246  PCREN                                  
00000247  PCREN_H                                
00000246  PCREN_L                                
0000024a  PCSEL                                  
0000024b  PCSEL_H                                
0000024a  PCSEL_L                                
00000324  PJDIR                                  
00000325  PJDIR_H                                
00000324  PJDIR_L                                
00000328  PJDS                                   
00000329  PJDS_H                                 
00000328  PJDS_L                                 
00000320  PJIN                                   
00000321  PJIN_H                                 
00000320  PJIN_L                                 
00000322  PJOUT                                  
00000323  PJOUT_H                                
00000322  PJOUT_L                                
00000326  PJREN                                  
00000327  PJREN_H                                
00000326  PJREN_L                                
000001c2  PMAPCTL                                
000001c3  PMAPCTL_H                              
000001c2  PMAPCTL_L                              
000001c0  PMAPKEYID                              
000001c1  PMAPKEYID_H                            
000001c0  PMAPKEYID_L                            
00000120  PMMCTL0                                
00000121  PMMCTL0_H                              
00000120  PMMCTL0_L                              
00000122  PMMCTL1                                
00000123  PMMCTL1_H                              
00000122  PMMCTL1_L                              
0000012c  PMMIFG                                 
0000012d  PMMIFG_H                               
0000012c  PMMIFG_L                               
0000012e  PMMRIE                                 
0000012f  PMMRIE_H                               
0000012e  PMMRIE_L                               
00000158  RCCTL0                                 
00000159  RCCTL0_H                               
00000158  RCCTL0_L                               
000001b0  REFCTL0                                
000001b1  REFCTL0_H                              
000001b0  REFCTL0_L                              
000004e4  RES0                                   
000004e5  RES0_H                                 
000004e4  RES0_L                                 
000004e6  RES1                                   
000004e7  RES1_H                                 
000004e6  RES1_L                                 
000004e8  RES2                                   
000004e9  RES2_H                                 
000004e8  RES2_L                                 
000004ea  RES3                                   
000004eb  RES3_H                                 
000004ea  RES3_L                                 
000004cc  RESHI                                  
000004cd  RESHI_H                                
000004cc  RESHI_L                                
000004ca  RESLO                                  
000004cb  RESLO_H                                
000004ca  RESLO_L                                
00000f16  RF1ADINW                               
00000f17  RF1ADINW_H                             
00000f16  RF1ADINW_L                             
00000f28  RF1ADOUT0W                             
00000f29  RF1ADOUT0W_H                           
00000f28  RF1ADOUT0W_L                           
00000f2a  RF1ADOUT1W                             
00000f2b  RF1ADOUT1W_H                           
00000f2a  RF1ADOUT1W_L                           
00000f2c  RF1ADOUT2W                             
00000f2d  RF1ADOUT2W_H                           
00000f2c  RF1ADOUT2W_L                           
00000f36  RF1AIE                                 
00000f34  RF1AIES                                
00000f35  RF1AIES_H                              
00000f34  RF1AIES_L                              
00000f37  RF1AIE_H                               
00000f36  RF1AIE_L                               
00000f00  RF1AIFCTL0                             
00000f01  RF1AIFCTL0_H                           
00000f00  RF1AIFCTL0_L                           
00000f02  RF1AIFCTL1                             
00000f03  RF1AIFCTL1_H                           
00000f02  RF1AIFCTL1_L                           
00000f04  RF1AIFCTL2                             
00000f05  RF1AIFCTL2_H                           
00000f04  RF1AIFCTL2_L                           
00000f06  RF1AIFERR                              
00000f0c  RF1AIFERRV                             
00000f0d  RF1AIFERRV_H                           
00000f0c  RF1AIFERRV_L                           
00000f07  RF1AIFERR_H                            
00000f06  RF1AIFERR_L                            
00000f32  RF1AIFG                                
00000f33  RF1AIFG_H                              
00000f32  RF1AIFG_L                              
00000f0e  RF1AIFIV                               
00000f0f  RF1AIFIV_H                             
00000f0e  RF1AIFIV_L                             
00000f30  RF1AIN                                 
00000f12  RF1AINSTR1W                            
00000f13  RF1AINSTR1W_H                          
00000f12  RF1AINSTR1W_L                          
00000f14  RF1AINSTR2W                            
00000f15  RF1AINSTR2W_H                          
00000f14  RF1AINSTR2W_L                          
00000f10  RF1AINSTRW                             
00000f11  RF1AINSTRW_H                           
00000f10  RF1AINSTRW_L                           
00000f31  RF1AIN_H                               
00000f30  RF1AIN_L                               
00000f38  RF1AIV                                 
00000f39  RF1AIV_H                               
00000f38  RF1AIV_L                               
00000f3c  RF1ARXFIFO                             
00000f3d  RF1ARXFIFO_H                           
00000f3c  RF1ARXFIFO_L                           
00000f20  RF1ASTAT0W                             
00000f21  RF1ASTAT0W_H                           
00000f20  RF1ASTAT0W_L                           
00000f22  RF1ASTAT1W                             
00000f23  RF1ASTAT1W_H                           
00000f22  RF1ASTAT1W_L                           
00000f24  RF1ASTAT2W                             
00000f25  RF1ASTAT2W_H                           
00000f24  RF1ASTAT2W_L                           
00000f3e  RF1ATXFIFO                             
00000f3f  RF1ATXFIFO_H                           
00000f3e  RF1ATXFIFO_L                           
000004ba  RTCADOWDAY                             
000004bb  RTCADOWDAY_H                           
000004ba  RTCADOWDAY_L                           
000004b8  RTCAMINHR                              
000004b9  RTCAMINHR_H                            
000004b8  RTCAMINHR_L                            
000004a0  RTCCTL01                               
000004a1  RTCCTL01_H                             
000004a0  RTCCTL01_L                             
000004a2  RTCCTL23                               
000004a3  RTCCTL23_H                             
000004a2  RTCCTL23_L                             
000004b4  RTCDATE                                
000004b5  RTCDATE_H                              
000004b4  RTCDATE_L                              
000004ae  RTCIV                                  
000004ac  RTCPS                                  
000004a8  RTCPS0CTL                              
000004a9  RTCPS0CTL_H                            
000004a8  RTCPS0CTL_L                            
000004aa  RTCPS1CTL                              
000004ab  RTCPS1CTL_H                            
000004aa  RTCPS1CTL_L                            
000004ad  RTCPS_H                                
000004ac  RTCPS_L                                
000004b0  RTCTIM0                                
000004b1  RTCTIM0_H                              
000004b0  RTCTIM0_L                              
000004b2  RTCTIM1                                
000004b3  RTCTIM1_H                              
000004b2  RTCTIM1_L                              
000004b6  RTCYEAR                                
000004b7  RTCYEAR_H                              
000004b6  RTCYEAR_L                              
00000100  SFRIE1                                 
00000101  SFRIE1_H                               
00000100  SFRIE1_L                               
00000102  SFRIFG1                                
00000103  SFRIFG1_H                              
00000102  SFRIFG1_L                              
00000104  SFRRPCR                                
00000105  SFRRPCR_H                              
00000104  SFRRPCR_L                              
0000b29a  SMPL_Init                              
0000944e  SMPL_Ioctl                             
000091bc  SMPL_Link                              
0000ac4a  SMPL_Receive                           
000098f2  SMPL_SendOpt                           
0000b9ce  SMPL_UnlinkForced                      
000004ce  SUMEXT                                 
000004cf  SUMEXT_H                               
000004ce  SUMEXT_L                               
00000124  SVSMHCTL                               
00000125  SVSMHCTL_H                             
00000124  SVSMHCTL_L                             
00000128  SVSMIO                                 
00000129  SVSMIO_H                               
00000128  SVSMIO_L                               
00000126  SVSMLCTL                               
00000127  SVSMLCTL_H                             
00000126  SVSMLCTL_L                             
00000198  SYSBERRIV                              
00000199  SYSBERRIV_H                            
00000198  SYSBERRIV_L                            
00000182  SYSBSLC                                
00000183  SYSBSLC_H                              
00000182  SYSBSLC_L                              
00000180  SYSCTL                                 
00000181  SYSCTL_H                               
00000180  SYSCTL_L                               
00000186  SYSJMBC                                
00000187  SYSJMBC_H                              
00000186  SYSJMBC_L                              
00000188  SYSJMBI0                               
00000189  SYSJMBI0_H                             
00000188  SYSJMBI0_L                             
0000018a  SYSJMBI1                               
0000018b  SYSJMBI1_H                             
0000018a  SYSJMBI1_L                             
0000018c  SYSJMBO0                               
0000018d  SYSJMBO0_H                             
0000018c  SYSJMBO0_L                             
0000018e  SYSJMBO1                               
0000018f  SYSJMBO1_H                             
0000018e  SYSJMBO1_L                             
0000019e  SYSRSTIV                               
0000019f  SYSRSTIV_H                             
0000019e  SYSRSTIV_L                             
0000019c  SYSSNIV                                
0000019d  SYSSNIV_H                              
0000019c  SYSSNIV_L                              
0000019a  SYSUNIV                                
0000019b  SYSUNIV_H                              
0000019a  SYSUNIV_L                              
00000352  TA0CCR0                                
00000354  TA0CCR1                                
00000356  TA0CCR2                                
00000358  TA0CCR3                                
0000035a  TA0CCR4                                
00000342  TA0CCTL0                               
00000344  TA0CCTL1                               
00000346  TA0CCTL2                               
00000348  TA0CCTL3                               
0000034a  TA0CCTL4                               
00000340  TA0CTL                                 
00000360  TA0EX0                                 
0000036e  TA0IV                                  
00000350  TA0R                                   
00000392  TA1CCR0                                
00000394  TA1CCR1                                
00000396  TA1CCR2                                
00000382  TA1CCTL0                               
00000384  TA1CCTL1                               
00000386  TA1CCTL2                               
00000380  TA1CTL                                 
000003a0  TA1EX0                                 
000003ae  TA1IV                                  
00000390  TA1R                                   
0000b4e2  Timer1_A0_ISR                          
0000a966  Timer1_A1_5_ISR                        
0000ab60  Timer1_A4_Delay                        
0000bb3e  Timer1_Init                            
000005d0  UCA0ABCTL                              
000005c6  UCA0BRW                                
000005c7  UCA0BRW_H                              
000005c6  UCA0BRW_L                              
000005c0  UCA0CTLW0                              
000005c1  UCA0CTLW0_H                            
000005c0  UCA0CTLW0_L                            
000005dc  UCA0ICTL                               
000005dd  UCA0ICTL_H                             
000005dc  UCA0ICTL_L                             
000005d2  UCA0IRCTL                              
000005d3  UCA0IRCTL_H                            
000005d2  UCA0IRCTL_L                            
000005de  UCA0IV                                 
000005c8  UCA0MCTL                               
000005cc  UCA0RXBUF                              
000005ca  UCA0STAT                               
000005ce  UCA0TXBUF                              
000005e6  UCB0BRW                                
000005e7  UCB0BRW_H                              
000005e6  UCB0BRW_L                              
000005e0  UCB0CTLW0                              
000005e1  UCB0CTLW0_H                            
000005e0  UCB0CTLW0_L                            
000005f0  UCB0I2COA                              
000005f1  UCB0I2COA_H                            
000005f0  UCB0I2COA_L                            
000005f2  UCB0I2CSA                              
000005f3  UCB0I2CSA_H                            
000005f2  UCB0I2CSA_L                            
000005fc  UCB0ICTL                               
000005fd  UCB0ICTL_H                             
000005fc  UCB0ICTL_L                             
000005fe  UCB0IV                                 
000005ec  UCB0RXBUF                              
000005ea  UCB0STAT                               
000005ee  UCB0TXBUF                              
00000160  UCSCTL0                                
00000161  UCSCTL0_H                              
00000160  UCSCTL0_L                              
00000162  UCSCTL1                                
00000163  UCSCTL1_H                              
00000162  UCSCTL1_L                              
00000164  UCSCTL2                                
00000165  UCSCTL2_H                              
00000164  UCSCTL2_L                              
00000166  UCSCTL3                                
00000167  UCSCTL3_H                              
00000166  UCSCTL3_L                              
00000168  UCSCTL4                                
00000169  UCSCTL4_H                              
00000168  UCSCTL4_L                              
0000016a  UCSCTL5                                
0000016b  UCSCTL5_H                              
0000016a  UCSCTL5_L                              
0000016c  UCSCTL6                                
0000016d  UCSCTL6_H                              
0000016c  UCSCTL6_L                              
0000016e  UCSCTL7                                
0000016f  UCSCTL7_H                              
0000016e  UCSCTL7_L                              
00000170  UCSCTL8                                
00000171  UCSCTL8_H                              
00000170  UCSCTL8_L                              
0000a08c  USCIAB1TX_ISR                          
0000015c  WDTCTL                                 
0000015d  WDTCTL_H                               
0000015c  WDTCTL_L                               
00002bfc  __STACK_END                            
00000050  __STACK_SIZE                           
0000bd9c  __TI_CINIT_Base                        
0000bdac  __TI_CINIT_Limit                       
0000bd8a  __TI_Handler_Table_Base                
0000bd96  __TI_Handler_Table_Limit               
0000bcba  __TI_ISR_TRAP                          
0000a644  __TI_auto_init_nobinit_nopinit_hold_wdt
00009bdc  __TI_decompress_lzss                   
0000b05e  __TI_decompress_none                   
00009058  __TI_frcmpyd                           
0000ffda  __TI_int45                             
0000ffdc  __TI_int46                             
0000ffe0  __TI_int48                             
0000ffe2  __TI_int49                             
0000ffe4  __TI_int50                             
0000ffe6  __TI_int51                             
0000ffe8  __TI_int52                             
0000ffea  __TI_int53                             
0000ffec  __TI_int54                             
0000ffee  __TI_int55                             
0000fff0  __TI_int56                             
0000fff2  __TI_int57                             
0000fff4  __TI_int58                             
0000fff6  __TI_int59                             
0000fff8  __TI_int60                             
0000fffa  __TI_int61                             
0000fffc  __TI_int62                             
ffffffff  __TI_pprof_out_hndl                    
ffffffff  __TI_prof_data_size                    
ffffffff  __TI_prof_data_start                   
0000aeea  __TI_zero_init_nomemset                
ffffffff  __c_args__                             
0000ae2a  __memcpy_far                           
0000b618  __mspabi_divi                          
0000aeaa  __mspabi_divli                         
00009312  __mspabi_divlli                        
0000bb12  __mspabi_divu                          
0000a9be  __mspabi_divul                         
000083be  __mspabi_divull                        
0000a77e  __mspabi_fixdli                        
0000a6ae  __mspabi_fixdul                        
00009588  __mspabi_fltllid                       
0000a548  __mspabi_fltuld                        
0000870c  __mspabi_mpyd                          
0000bab8  __mspabi_mpyi_f5hw                     
0000b862  __mspabi_mpyl_f5hw                     
0000a8ae  __mspabi_mpyll_f5hw                    
0000b53c  __mspabi_mpyull_f5hw                   
0000b618  __mspabi_remi                          
0000aeaa  __mspabi_remli                         
0000bb12  __mspabi_remu                          
0000a9be  __mspabi_remul                         
0000afdc  __mspabi_slll_1                        
0000afb8  __mspabi_slll_10                       
0000afb4  __mspabi_slll_11                       
0000afb0  __mspabi_slll_12                       
0000afac  __mspabi_slll_13                       
0000afa8  __mspabi_slll_14                       
0000afa4  __mspabi_slll_15                       
0000afd8  __mspabi_slll_2                        
0000afd4  __mspabi_slll_3                        
0000afd0  __mspabi_slll_4                        
0000afcc  __mspabi_slll_5                        
0000afc8  __mspabi_slll_6                        
0000afc4  __mspabi_slll_7                        
0000afc0  __mspabi_slll_8                        
0000afbc  __mspabi_slll_9                        
0000b0d6  __mspabi_sllll                         
0000bc08  __mspabi_sral                          
0000af9e  __mspabi_sral_1                        
0000af7a  __mspabi_sral_10                       
0000af76  __mspabi_sral_11                       
0000af72  __mspabi_sral_12                       
0000af6e  __mspabi_sral_13                       
0000af6a  __mspabi_sral_14                       
0000af66  __mspabi_sral_15                       
0000af9a  __mspabi_sral_2                        
0000af96  __mspabi_sral_3                        
0000af92  __mspabi_sral_4                        
0000af8e  __mspabi_sral_5                        
0000af8a  __mspabi_sral_6                        
0000af86  __mspabi_sral_7                        
0000af82  __mspabi_sral_8                        
0000af7e  __mspabi_sral_9                        
0000ae6a  __mspabi_srall                         
0000bc18  __mspabi_srll                          
0000b01a  __mspabi_srll_1                        
0000aff6  __mspabi_srll_10                       
0000aff2  __mspabi_srll_11                       
0000afee  __mspabi_srll_12                       
0000afea  __mspabi_srll_13                       
0000afe6  __mspabi_srll_14                       
0000afe2  __mspabi_srll_15                       
0000b016  __mspabi_srll_2                        
0000b012  __mspabi_srll_3                        
0000b00e  __mspabi_srll_4                        
0000b00a  __mspabi_srll_5                        
0000b006  __mspabi_srll_6                        
0000b002  __mspabi_srll_7                        
0000affe  __mspabi_srll_8                        
0000affa  __mspabi_srll_9                        
0000b110  __mspabi_srlll                         
00001c68  _bme280_calib                          
0000ba64  _c_int00_noargs                        
0000fffe  _reset_vector                          
00001cc4  _sensorID                              
00002bac  _stack                                 
0000bd06  _system_post_cinit                     
0000bb7a  _system_pre_init                       
0000bcd0  abort                                  
0000b96e  adc_GetRawTemp                         
0000b568  adc_Init                               
0000a1ce  bme280_init                            
0000bc44  bme280_isReadingCalibration            
000097ea  bme280_readCoefficients                
00008b86  bme280_readHumidity                    
00008000  bme280_readPressure                    
00009da0  bme280_readTemperature                 
00001cc8  fptr_Timer1_A3_function                
00001ccc  fptr_one_sec_function                  
00001cd0  hum                                    
0000ada6  i2c_read                               
0000b5c0  i2c_write                              
0000a90a  init_i2c                               
00001cea  int_temp                               
00001cd4  internal_temp                          
0000bafc  llabs                                  
00008ed2  main                                   
0000b8ec  memcmp                                 
0000bb8c  memcpy                                 
0000b6e6  memmove                                
0000bb66  memset                                 
00001d2c  method                                 
0000bd6a  mrfiBroadcastAddr                      
0000bd0c  mrfiRadioCfg                           
0000a39c  mrfiRadioInterfaceCmdStrobe            
0000ac00  mrfiRadioInterfaceReadReg              
0000a84a  mrfiRadioInterfaceReadRxFifo           
0000b1be  mrfiRadioInterfaceWriteReg             
0000b1f6  mrfiRadioInterfaceWriteTxFifo          
00001cb2  msg                                    
0000bcfa  nwk_NVObj                              
0000ba2a  nwk_QInit                              
0000b264  nwk_QadjustOrder                       
000096c0  nwk_QfindOldest                        
0000a5c8  nwk_QfindSlot                          
00009cca  nwk_allocateLocalRxPort                
0000b5ec  nwk_buildAckReqFrame                   
0000a306  nwk_buildFrame                         
0000b644  nwk_checkConnInfo                      
0000b75c  nwk_connectionControl                  
0000b300  nwk_deviceAddress                      
0000acd8  nwk_findPeer                           
0000b98e  nwk_frameInit                          
0000bcd6  nwk_freeConnection                     
0000bd08  nwk_freqInit                           
0000bcdc  nwk_getBCastAddress                    
0000b332  nwk_getConnInfo                        
0000bce2  nwk_getFWVersion                       
0000bb9e  nwk_getJoinToken                       
0000bbb0  nwk_getLinkToken                       
0000bbc2  nwk_getMyAddress                       
0000bce8  nwk_getMyRxType                        
0000abb0  nwk_getNextConnection                  
0000bc52  nwk_getNumObjectFromMsg                
0000bcee  nwk_getProtocolVersion                 
0000b782  nwk_globalsInit                        
0000a430  nwk_isConnectionValid                  
0000ade8  nwk_isLinkDuplicate                    
0000b14a  nwk_isValidReply                       
00009aec  nwk_join                               
0000b7a8  nwk_joinInit                           
000091bc  nwk_link                               
0000b364  nwk_linkInit                           
0000bca6  nwk_mgmtInit                           
0000a4c2  nwk_nwkInit                            
0000bcb0  nwk_pingInit                           
0000bcfe  nwk_processFreq                        
0000b9ae  nwk_processJoin                        
0000b7ce  nwk_processLink                        
0000b184  nwk_processMgmt                        
0000b70e  nwk_processPing                        
0000bd02  nwk_processSecurity                    
0000b09a  nwk_putNumObjectIntoMsg                
0000a12e  nwk_radioControl                       
0000b3f6  nwk_rawReceive                         
0000ab0e  nwk_rawSend                            
00009fe6  nwk_retrieveFrame                      
0000bd0a  nwk_securityInit                       
0000a26c  nwk_sendAckReply                       
0000b426  nwk_sendFrame                          
0000bc60  nwk_setAPAddress                       
0000bbd4  nwk_setJoinToken                       
0000bbe6  nwk_setLinkToken                       
0000ba80  nwk_setMyAddress                       
0000b9ce  nwk_unlink_forces                      
00001cd8  pressure                               
00001d54  radio_state                            
0000b456  read16                                 
0000bcc2  read16_LE                              
0000b020  read24                                 
0000b7f4  read8                                  
0000bcf4  readS16_LE                             
00001cdc  sTimer                                 
00001ce0  t_fine                                 
00001d4a  t_fine_adjust                          
00001ce4  temp                                   
0000bb28  toggleLED                              
0000ba9c  write8                                 


GLOBAL SYMBOLS: SORTED BY Symbol Address 

address   name                                   
-------   ----                                   
00000050  __STACK_SIZE                           
00000100  SFRIE1                                 
00000100  SFRIE1_L                               
00000101  SFRIE1_H                               
00000102  SFRIFG1                                
00000102  SFRIFG1_L                              
00000103  SFRIFG1_H                              
00000104  SFRRPCR                                
00000104  SFRRPCR_L                              
00000105  SFRRPCR_H                              
00000120  PMMCTL0                                
00000120  PMMCTL0_L                              
00000121  PMMCTL0_H                              
00000122  PMMCTL1                                
00000122  PMMCTL1_L                              
00000123  PMMCTL1_H                              
00000124  SVSMHCTL                               
00000124  SVSMHCTL_L                             
00000125  SVSMHCTL_H                             
00000126  SVSMLCTL                               
00000126  SVSMLCTL_L                             
00000127  SVSMLCTL_H                             
00000128  SVSMIO                                 
00000128  SVSMIO_L                               
00000129  SVSMIO_H                               
0000012c  PMMIFG                                 
0000012c  PMMIFG_L                               
0000012d  PMMIFG_H                               
0000012e  PMMRIE                                 
0000012e  PMMRIE_L                               
0000012f  PMMRIE_H                               
00000140  FCTL1                                  
00000140  FCTL1_L                                
00000141  FCTL1_H                                
00000144  FCTL3                                  
00000144  FCTL3_L                                
00000145  FCTL3_H                                
00000146  FCTL4                                  
00000146  FCTL4_L                                
00000147  FCTL4_H                                
00000150  CRCDI                                  
00000150  CRCDI_L                                
00000151  CRCDI_H                                
00000154  CRCINIRES                              
00000154  CRCINIRES_L                            
00000155  CRCINIRES_H                            
00000158  RCCTL0                                 
00000158  RCCTL0_L                               
00000159  RCCTL0_H                               
0000015c  WDTCTL                                 
0000015c  WDTCTL_L                               
0000015d  WDTCTL_H                               
00000160  UCSCTL0                                
00000160  UCSCTL0_L                              
00000161  UCSCTL0_H                              
00000162  UCSCTL1                                
00000162  UCSCTL1_L                              
00000163  UCSCTL1_H                              
00000164  UCSCTL2                                
00000164  UCSCTL2_L                              
00000165  UCSCTL2_H                              
00000166  UCSCTL3                                
00000166  UCSCTL3_L                              
00000167  UCSCTL3_H                              
00000168  UCSCTL4                                
00000168  UCSCTL4_L                              
00000169  UCSCTL4_H                              
0000016a  UCSCTL5                                
0000016a  UCSCTL5_L                              
0000016b  UCSCTL5_H                              
0000016c  UCSCTL6                                
[...]
0000071c  ADC12MCTL12                            
0000071d  ADC12MCTL13                            
0000071e  ADC12MCTL14                            
0000071f  ADC12MCTL15                            
00000720  ADC12MEM0                              
00000720  ADC12MEM0_L                            
00000721  ADC12MEM0_H                            
00000722  ADC12MEM1                              
00000722  ADC12MEM1_L                            
00000723  ADC12MEM1_H                            
00000724  ADC12MEM2                              
00000724  ADC12MEM2_L                            
00000725  ADC12MEM2_H                            
00000726  ADC12MEM3                              
00000726  ADC12MEM3_L                            
00000727  ADC12MEM3_H                            
00000728  ADC12MEM4                              
00000728  ADC12MEM4_L                            
00000729  ADC12MEM4_H                            
0000072a  ADC12MEM5                              
0000072a  ADC12MEM5_L                            
0000072b  ADC12MEM5_H                            
0000072c  ADC12MEM6                              
0000072c  ADC12MEM6_L                            
0000072d  ADC12MEM6_H                            
0000072e  ADC12MEM7                              
0000072e  ADC12MEM7_L                            
0000072f  ADC12MEM7_H                            
00000730  ADC12MEM8                              
00000730  ADC12MEM8_L                            
00000731  ADC12MEM8_H                            
00000732  ADC12MEM9                              
00000732  ADC12MEM9_L                            
00000733  ADC12MEM9_H                            
00000734  ADC12MEM10                             
00000734  ADC12MEM10_L                           
00000735  ADC12MEM10_H                           
00000736  ADC12MEM11                             
00000736  ADC12MEM11_L                           
00000737  ADC12MEM11_H                           
00000738  ADC12MEM12                             
00000738  ADC12MEM12_L                           
00000739  ADC12MEM12_H                           
0000073a  ADC12MEM13                             
0000073a  ADC12MEM13_L                           
0000073b  ADC12MEM13_H                           
0000073c  ADC12MEM14                             
0000073c  ADC12MEM14_L                           
0000073d  ADC12MEM14_H                           
0000073e  ADC12MEM15                             
0000073e  ADC12MEM15_L                           
0000073f  ADC12MEM15_H                           
000008c0  CBCTL0                                 
000008c0  CBCTL0_L                               
000008c1  CBCTL0_H                               
000008c2  CBCTL1                                 
000008c2  CBCTL1_L                               
000008c3  CBCTL1_H                               
000008c4  CBCTL2                                 
000008c4  CBCTL2_L                               
000008c5  CBCTL2_H                               
000008c6  CBCTL3                                 
000008c6  CBCTL3_L                               
000008c7  CBCTL3_H                               
000008cc  CBINT                                  
000008cc  CBINT_L                                
000008cd  CBINT_H                                
000008ce  CBIV                                   
000009c0  AESACTL0                               
000009c0  AESACTL0_L                             
000009c1  AESACTL0_H                             
000009c4  AESASTAT                               
000009c4  AESASTAT_L                             
000009c5  AESASTAT_H                             
000009c6  AESAKEY                                
000009c6  AESAKEY_L                              
000009c7  AESAKEY_H                              
000009c8  AESADIN                                
000009c8  AESADIN_L                              
000009c9  AESADIN_H                              
000009ca  AESADOUT                               
000009ca  AESADOUT_L                             
000009cb  AESADOUT_H                             
00000f00  RF1AIFCTL0                             
00000f00  RF1AIFCTL0_L                           
00000f01  RF1AIFCTL0_H                           
00000f02  RF1AIFCTL1                             
00000f02  RF1AIFCTL1_L                           
00000f03  RF1AIFCTL1_H                           
00000f04  RF1AIFCTL2                             
00000f04  RF1AIFCTL2_L                           
00000f05  RF1AIFCTL2_H                           
00000f06  RF1AIFERR                              
00000f06  RF1AIFERR_L                            
00000f07  RF1AIFERR_H                            
00000f0c  RF1AIFERRV                             
00000f0c  RF1AIFERRV_L                           
00000f0d  RF1AIFERRV_H                           
00000f0e  RF1AIFIV                               
00000f0e  RF1AIFIV_L                             
00000f0f  RF1AIFIV_H                             
00000f10  RF1AINSTRW                             
00000f10  RF1AINSTRW_L                           
00000f11  RF1AINSTRW_H                           
00000f12  RF1AINSTR1W                            
00000f12  RF1AINSTR1W_L                          
00000f13  RF1AINSTR1W_H                          
00000f14  RF1AINSTR2W                            
00000f14  RF1AINSTR2W_L                          
00000f15  RF1AINSTR2W_H                          
00000f16  RF1ADINW                               
00000f16  RF1ADINW_L                             
00000f17  RF1ADINW_H                             
00000f20  RF1ASTAT0W                             
00000f20  RF1ASTAT0W_L                           
00000f21  RF1ASTAT0W_H                           
00000f22  RF1ASTAT1W                             
00000f22  RF1ASTAT1W_L                           
00000f23  RF1ASTAT1W_H                           
00000f24  RF1ASTAT2W                             
00000f24  RF1ASTAT2W_L                           
00000f25  RF1ASTAT2W_H                           
00000f28  RF1ADOUT0W                             
00000f28  RF1ADOUT0W_L                           
00000f29  RF1ADOUT0W_H                           
00000f2a  RF1ADOUT1W                             
00000f2a  RF1ADOUT1W_L                           
00000f2b  RF1ADOUT1W_H                           
00000f2c  RF1ADOUT2W                             
00000f2c  RF1ADOUT2W_L                           
00000f2d  RF1ADOUT2W_H                           
00000f30  RF1AIN                                 
00000f30  RF1AIN_L                               
00000f31  RF1AIN_H                               
00000f32  RF1AIFG                                
00000f32  RF1AIFG_L                              
00000f33  RF1AIFG_H                              
00000f34  RF1AIES                                
00000f34  RF1AIES_L                              
00000f35  RF1AIES_H                              
00000f36  RF1AIE                                 
00000f36  RF1AIE_L                               
00000f37  RF1AIE_H                               
00000f38  RF1AIV                                 
00000f38  RF1AIV_L                               
00000f39  RF1AIV_H                               
00000f3c  RF1ARXFIFO                             
00000f3c  RF1ARXFIFO_L                           
00000f3d  RF1ARXFIFO_H                           
00000f3e  RF1ATXFIFO                             
00000f3e  RF1ATXFIFO_L                           
00000f3f  RF1ATXFIFO_H                           
00001c68  _bme280_calib                          
00001cb2  msg                                    
00001cc4  _sensorID                              
00001cc8  fptr_Timer1_A3_function                
00001ccc  fptr_one_sec_function                  
00001cd0  hum                                    
00001cd4  internal_temp                          
00001cd8  pressure                               
00001cdc  sTimer                                 
00001ce0  t_fine                                 
00001ce4  temp                                   
00001cea  int_temp                               
00001d2c  method                                 
00001d4a  t_fine_adjust                          
00001d54  radio_state                            
00002bac  _stack                                 
00002bfc  __STACK_END                            
00008000  bme280_readPressure                    
000083be  __mspabi_divull                        
0000870c  __mspabi_mpyd                          
000089a4  MRFI_Init                              
00008b86  bme280_readHumidity                    
00008ed2  main                                   
00009058  __TI_frcmpyd                           
000091bc  SMPL_Link                              
000091bc  nwk_link                               
00009312  __mspabi_divlli                        
0000944e  SMPL_Ioctl                             
00009588  __mspabi_fltllid                       
000096c0  nwk_QfindOldest                        
000097ea  bme280_readCoefficients                
000098f2  SMPL_SendOpt                           
00009aec  nwk_join                               
00009bdc  __TI_decompress_lzss                   
00009cca  nwk_allocateLocalRxPort                
00009da0  bme280_readTemperature                 
00009e6e  MRFI_Transmit                          
00009fe6  nwk_retrieveFrame                      
0000a08c  USCIAB1TX_ISR                          
0000a12e  nwk_radioControl                       
0000a1ce  bme280_init                            
0000a26c  nwk_sendAckReply                       
0000a306  nwk_buildFrame                         
0000a39c  mrfiRadioInterfaceCmdStrobe            
0000a430  nwk_isConnectionValid                  
0000a4c2  nwk_nwkInit                            
0000a548  __mspabi_fltuld                        
0000a5c8  nwk_QfindSlot                          
0000a644  __TI_auto_init_nobinit_nopinit_hold_wdt
0000a6ae  __mspabi_fixdul                        
0000a716  MRFI_RadioIsr                          
0000a77e  __mspabi_fixdli                        
0000a84a  mrfiRadioInterfaceReadRxFifo           
0000a8ae  __mspabi_mpyll_f5hw                    
0000a90a  init_i2c                               
0000a966  Timer1_A1_5_ISR                        
0000a9be  __mspabi_divul                         
0000a9be  __mspabi_remul                         
0000ab0e  nwk_rawSend                            
0000ab60  Timer1_A4_Delay                        
0000abb0  nwk_getNextConnection                  
0000ac00  mrfiRadioInterfaceReadReg              
0000ac4a  SMPL_Receive                           
0000acd8  nwk_findPeer                           
0000ad1e  MRFI_ReplyDelay                        
0000ada6  i2c_read                               
0000ade8  nwk_isLinkDuplicate                    
0000ae2a  __memcpy_far                           
0000ae6a  __mspabi_srall                         
0000aeaa  __mspabi_divli                         
0000aeaa  __mspabi_remli                         
0000aeea  __TI_zero_init_nomemset                
0000af66  __mspabi_sral_15                       
0000af6a  __mspabi_sral_14                       
0000af6e  __mspabi_sral_13                       
0000af72  __mspabi_sral_12                       
0000af76  __mspabi_sral_11                       
0000af7a  __mspabi_sral_10                       
0000af7e  __mspabi_sral_9                        
0000af82  __mspabi_sral_8                        
0000af86  __mspabi_sral_7                        
0000af8a  __mspabi_sral_6                        
0000af8e  __mspabi_sral_5                        
0000af92  __mspabi_sral_4                        
0000af96  __mspabi_sral_3                        
0000af9a  __mspabi_sral_2                        
0000af9e  __mspabi_sral_1                        
0000afa4  __mspabi_slll_15                       
0000afa8  __mspabi_slll_14                       
0000afac  __mspabi_slll_13                       
0000afb0  __mspabi_slll_12                       
0000afb4  __mspabi_slll_11                       
0000afb8  __mspabi_slll_10                       
0000afbc  __mspabi_slll_9                        
0000afc0  __mspabi_slll_8                        
0000afc4  __mspabi_slll_7                        
0000afc8  __mspabi_slll_6                        
0000afcc  __mspabi_slll_5                        
0000afd0  __mspabi_slll_4                        
0000afd4  __mspabi_slll_3                        
0000afd8  __mspabi_slll_2                        
0000afdc  __mspabi_slll_1                        
0000afe2  __mspabi_srll_15                       
0000afe6  __mspabi_srll_14                       
0000afea  __mspabi_srll_13                       
0000afee  __mspabi_srll_12                       
0000aff2  __mspabi_srll_11                       
0000aff6  __mspabi_srll_10                       
0000affa  __mspabi_srll_9                        
0000affe  __mspabi_srll_8                        
0000b002  __mspabi_srll_7                        
0000b006  __mspabi_srll_6                        
0000b00a  __mspabi_srll_5                        
0000b00e  __mspabi_srll_4                        
0000b012  __mspabi_srll_3                        
0000b016  __mspabi_srll_2                        
0000b01a  __mspabi_srll_1                        
0000b020  read24                                 
0000b05e  __TI_decompress_none                   
0000b09a  nwk_putNumObjectIntoMsg                
0000b0d6  __mspabi_sllll                         
0000b110  __mspabi_srlll                         
0000b14a  nwk_isValidReply                       
0000b184  nwk_processMgmt                        
0000b1be  mrfiRadioInterfaceWriteReg             
0000b1f6  mrfiRadioInterfaceWriteTxFifo          
0000b22e  BSP_Delay                              
0000b264  nwk_QadjustOrder                       
0000b29a  SMPL_Init                              
0000b2ce  MRFI_SetLogicalChannel                 
0000b300  nwk_deviceAddress                      
0000b332  nwk_getConnInfo                        
0000b364  nwk_linkInit                           
0000b396  MRFI_SetRxAddrFilter                   
0000b3f6  nwk_rawReceive                         
0000b426  nwk_sendFrame                          
0000b456  read16                                 
0000b4e2  Timer1_A0_ISR                          
0000b53c  __mspabi_mpyull_f5hw                   
0000b568  adc_Init                               
0000b5c0  i2c_write                              
0000b5ec  nwk_buildAckReqFrame                   
0000b618  __mspabi_divi                          
0000b618  __mspabi_remi                          
0000b644  nwk_checkConnInfo                      
0000b66e  MRFI_Sleep                             
0000b6e6  memmove                                
0000b70e  nwk_processPing                        
0000b75c  nwk_connectionControl                  
0000b782  nwk_globalsInit                        
0000b7a8  nwk_joinInit                           
0000b7ce  nwk_processLink                        
0000b7f4  read8                                  
0000b81a  MRFI_Rssi                              
0000b862  __mspabi_mpyl_f5hw                     
0000b886  MRFI_EnableRxAddrFilter                
0000b8a8  MRFI_RxOn                              
0000b8ca  MRFI_WakeUp                            
0000b8ec  memcmp                                 
0000b90e  BSP_Init                               
0000b92e  MRFI_RxCompleteISR                     
0000b94e  MRFI_RxIdle                            
0000b96e  adc_GetRawTemp                         
0000b98e  nwk_frameInit                          
0000b9ae  nwk_processJoin                        
0000b9ce  SMPL_UnlinkForced                      
0000b9ce  nwk_unlink_forces                      
0000b9ee  BSP_InitLeds                           
0000ba0c  MRFI_SetRFPwr                          
0000ba2a  nwk_QInit                              
0000ba48  ADC12ISR                               
0000ba64  _c_int00_noargs                        
0000ba80  nwk_setMyAddress                       
0000ba9c  write8                                 
0000bab8  __mspabi_mpyi_f5hw                     
0000bad0  MRFI_RandomByte                        
0000bafc  llabs                                  
0000bb12  __mspabi_divu                          
0000bb12  __mspabi_remu                          
0000bb28  toggleLED                              
0000bb3e  Timer1_Init                            
0000bb66  memset                                 
0000bb7a  _system_pre_init                       
0000bb8c  memcpy                                 
0000bb9e  nwk_getJoinToken                       
0000bbb0  nwk_getLinkToken                       
0000bbc2  nwk_getMyAddress                       
0000bbd4  nwk_setJoinToken                       
0000bbe6  nwk_setLinkToken                       
0000bbf8  BSP_InitBoard                          
0000bc08  __mspabi_sral                          
0000bc18  __mspabi_srll                          
0000bc28  BSP_InitButtons                        
0000bc36  MRFI_Receive                           
0000bc44  bme280_isReadingCalibration            
0000bc52  nwk_getNumObjectFromMsg                
0000bc60  nwk_setAPAddress                       
0000bc6e  BSP_to_lpm                             
0000bc7a  MRFI_PostKillSem                       
0000bc92  BSP_InitDrivers                        
0000bca6  nwk_mgmtInit                           
0000bcb0  nwk_pingInit                           
0000bcba  __TI_ISR_TRAP                          
0000bcc2  read16_LE                              
0000bcca  MRFI_GetRadioState                     
0000bcd0  C$$EXIT                                
0000bcd0  abort                                  
0000bcd6  nwk_freeConnection                     
0000bcdc  nwk_getBCastAddress                    
0000bce2  nwk_getFWVersion                       
0000bce8  nwk_getMyRxType                        
0000bcee  nwk_getProtocolVersion                 
0000bcf4  readS16_LE                             
0000bcfa  nwk_NVObj                              
0000bcfe  nwk_processFreq                        
0000bd02  nwk_processSecurity                    
0000bd06  _system_post_cinit                     
0000bd08  nwk_freqInit                           
0000bd0a  nwk_securityInit                       
0000bd0c  mrfiRadioCfg                           
0000bd6a  mrfiBroadcastAddr                      
0000bd8a  __TI_Handler_Table_Base                
0000bd96  __TI_Handler_Table_Limit               
0000bd9c  __TI_CINIT_Base                        
0000bdac  __TI_CINIT_Limit                       
0000ffda  __TI_int45                             
0000ffdc  __TI_int46                             
0000ffe0  __TI_int48                             
0000ffe2  __TI_int49                             
0000ffe4  __TI_int50                             
0000ffe6  __TI_int51                             
0000ffe8  __TI_int52                             
0000ffea  __TI_int53                             
0000ffec  __TI_int54                             
0000ffee  __TI_int55                             
0000fff0  __TI_int56                             
0000fff2  __TI_int57                             
0000fff4  __TI_int58                             
0000fff6  __TI_int59                             
0000fff8  __TI_int60                             
0000fffa  __TI_int61                             
0000fffc  __TI_int62                             
0000fffe  _reset_vector                          
ffffffff  __TI_pprof_out_hndl                    
ffffffff  __TI_prof_data_size                    
ffffffff  __TI_prof_data_start                   
ffffffff  __c_args__                             

[860 symbols]
