<?xml version="1.0" encoding="ISO-8859-1" ?>
<link_info>
   <banner>MSP430 Linker PC v20.2.5.LTS</banner>
   <copyright>Copyright (c) 2003-2018 Texas Instruments Incorporated</copyright>
   <link_time>0x637b9ba7</link_time>
   <link_errors>0x0</link_errors>
   <output_file>CC430F5137_EndDevice.out</output_file>
   <entry_point>
      <name>_c_int00_noargs</name>
      <address>0xba64</address>
   </entry_point>
   <input_file_list>
      <input_file id="fl-2">
         <path>.\Applications\application\End Device\</path>
         <kind>object</kind>
         <file>adc.obj</file>
         <name>adc.obj</name>
      </input_file>
      <input_file id="fl-3">
         <path>.\Applications\application\End Device\</path>
         <kind>object</kind>
         <file>bme280.obj</file>
         <name>bme280.obj</name>
      </input_file>
      <input_file id="fl-4">
         <path>.\Applications\application\End Device\</path>
         <kind>object</kind>
         <file>i2c.obj</file>
         <name>i2c.obj</name>
      </input_file>
      <input_file id="fl-5">
         <path>.\Applications\application\End Device\</path>
         <kind>object</kind>
         <file>main_LinkTo.obj</file>
         <name>main_LinkTo.obj</name>
      </input_file>
      <input_file id="fl-6">
         <path>.\Applications\application\End Device\</path>
         <kind>object</kind>
         <file>timer.obj</file>
         <name>timer.obj</name>
      </input_file>
      <input_file id="fl-7">
         <path>.\Components\bsp\</path>
         <kind>object</kind>
         <file>bsp.obj</file>
         <name>bsp.obj</name>
      </input_file>
      <input_file id="fl-8">
         <path>.\Components\mrfi\</path>
         <kind>object</kind>
         <file>mrfi.obj</file>
         <name>mrfi.obj</name>
      </input_file>
      <input_file id="fl-9">
         <path>.\Components\nwk\</path>
         <kind>object</kind>
         <file>nwk.obj</file>
         <name>nwk.obj</name>
      </input_file>
      <input_file id="fl-a">
         <path>.\Components\nwk\</path>
         <kind>object</kind>
         <file>nwk_QMgmt.obj</file>
         <name>nwk_QMgmt.obj</name>
      </input_file>
      <input_file id="fl-b">
         <path>.\Components\nwk\</path>
         <kind>object</kind>
         <file>nwk_api.obj</file>
         <name>nwk_api.obj</name>
      </input_file>
      <input_file id="fl-c">
         <path>.\Components\nwk\</path>
         <kind>object</kind>
         <file>nwk_frame.obj</file>
         <name>nwk_frame.obj</name>
      </input_file>
      <input_file id="fl-d">
         <path>.\Components\nwk\</path>
         <kind>object</kind>
         <file>nwk_globals.obj</file>
         <name>nwk_globals.obj</name>
      </input_file>
      <input_file id="fl-e">
         <path>.\Components\nwk_applications\</path>
         <kind>object</kind>
         <file>nwk_freq.obj</file>
         <name>nwk_freq.obj</name>
      </input_file>
      <input_file id="fl-f">
         <path>.\Components\nwk_applications\</path>
         <kind>object</kind>
         <file>nwk_ioctl.obj</file>
         <name>nwk_ioctl.obj</name>
      </input_file>
      <input_file id="fl-10">
         <path>.\Components\nwk_applications\</path>
         <kind>object</kind>
         <file>nwk_join.obj</file>
         <name>nwk_join.obj</name>
      </input_file>
      <input_file id="fl-11">
         <path>.\Components\nwk_applications\</path>
         <kind>object</kind>
         <file>nwk_link.obj</file>
         <name>nwk_link.obj</name>
      </input_file>
      <input_file id="fl-12">
         <path>.\Components\nwk_applications\</path>
         <kind>object</kind>
         <file>nwk_mgmt.obj</file>
         <name>nwk_mgmt.obj</name>
      </input_file>
      <input_file id="fl-13">
         <path>.\Components\nwk_applications\</path>
         <kind>object</kind>
         <file>nwk_ping.obj</file>
         <name>nwk_ping.obj</name>
      </input_file>
      <input_file id="fl-14">
         <path>.\Components\nwk_applications\</path>
         <kind>object</kind>
         <file>nwk_security.obj</file>
         <name>nwk_security.obj</name>
      </input_file>
      <input_file id="fl-1a">
         <kind>object</kind>
         <file>&lt;internal&gt;</file>
         <name>&lt;internal&gt;</name>
      </input_file>
      <input_file id="fl-35">
         <path>C:\ti\ccs1040\ccs\tools\compiler\ti-cgt-msp430_20.2.5.LTS\lib\</path>
         <kind>archive</kind>
         <file>rts430x_lc_sd_eabi.lib</file>
         <name>e_pow.c.obj</name>
      </input_file>
      <input_file id="fl-36">
         <path>C:\ti\ccs1040\ccs\tools\compiler\ti-cgt-msp430_20.2.5.LTS\lib\</path>
         <kind>archive</kind>
         <file>rts430x_lc_sd_eabi.lib</file>
         <name>e_sqrt.c.obj</name>
      </input_file>
      <input_file id="fl-37">
         <path>C:\ti\ccs1040\ccs\tools\compiler\ti-cgt-msp430_20.2.5.LTS\lib\</path>
         <kind>archive</kind>
         <file>rts430x_lc_sd_eabi.lib</file>
         <name>s_scalbn.c.obj</name>
      </input_file>
      <input_file id="fl-38">
         <path>C:\ti\ccs1040\ccs\tools\compiler\ti-cgt-msp430_20.2.5.LTS\lib\</path>
         <kind>archive</kind>
         <file>rts430x_lc_sd_eabi.lib</file>
         <name>asr32.asm.obj</name>
      </input_file>
      <input_file id="fl-39">
         <path>C:\ti\ccs1040\ccs\tools\compiler\ti-cgt-msp430_20.2.5.LTS\lib\</path>
         <kind>archive</kind>
         <file>rts430x_lc_sd_eabi.lib</file>
         <name>div16s.asm.obj</name>
      </input_file>
      <input_file id="fl-3a">
         <path>C:\ti\ccs1040\ccs\tools\compiler\ti-cgt-msp430_20.2.5.LTS\lib\</path>
         <kind>archive</kind>
         <file>rts430x_lc_sd_eabi.lib</file>
         <name>div16u.asm.obj</name>
      </input_file>
      <input_file id="fl-3b">
         <path>C:\ti\ccs1040\ccs\tools\compiler\ti-cgt-msp430_20.2.5.LTS\lib\</path>
         <kind>archive</kind>
         <file>rts430x_lc_sd_eabi.lib</file>
         <name>div32s.asm.obj</name>
      </input_file>
      <input_file id="fl-3c">
         <path>C:\ti\ccs1040\ccs\tools\compiler\ti-cgt-msp430_20.2.5.LTS\lib\</path>
         <kind>archive</kind>
         <file>rts430x_lc_sd_eabi.lib</file>
         <name>div32u.asm.obj</name>
      </input_file>
      <input_file id="fl-3d">
         <path>C:\ti\ccs1040\ccs\tools\compiler\ti-cgt-msp430_20.2.5.LTS\lib\</path>
         <kind>archive</kind>
         <file>rts430x_lc_sd_eabi.lib</file>
         <name>fs_div.asm.obj</name>
      </input_file>
      <input_file id="fl-3e">
         <path>C:\ti\ccs1040\ccs\tools\compiler\ti-cgt-msp430_20.2.5.LTS\lib\</path>
         <kind>archive</kind>
         <file>rts430x_lc_sd_eabi.lib</file>
         <name>fs_itof.asm.obj</name>
      </input_file>
      <input_file id="fl-3f">
         <path>C:\ti\ccs1040\ccs\tools\compiler\ti-cgt-msp430_20.2.5.LTS\lib\</path>
         <kind>archive</kind>
         <file>rts430x_lc_sd_eabi.lib</file>
         <name>fs_ltof.asm.obj</name>
      </input_file>
      <input_file id="fl-40">
         <path>C:\ti\ccs1040\ccs\tools\compiler\ti-cgt-msp430_20.2.5.LTS\lib\</path>
         <kind>archive</kind>
         <file>rts430x_lc_sd_eabi.lib</file>
         <name>fs_mpy.asm.obj</name>
      </input_file>
      <input_file id="fl-41">
         <path>C:\ti\ccs1040\ccs\tools\compiler\ti-cgt-msp430_20.2.5.LTS\lib\</path>
         <kind>archive</kind>
         <file>rts430x_lc_sd_eabi.lib</file>
         <name>fs_tol.asm.obj</name>
      </input_file>
      <input_file id="fl-42">
         <path>C:\ti\ccs1040\ccs\tools\compiler\ti-cgt-msp430_20.2.5.LTS\lib\</path>
         <kind>archive</kind>
         <file>rts430x_lc_sd_eabi.lib</file>
         <name>int45.asm.obj</name>
      </input_file>
      <input_file id="fl-43">
         <path>C:\ti\ccs1040\ccs\tools\compiler\ti-cgt-msp430_20.2.5.LTS\lib\</path>
         <kind>archive</kind>
         <file>rts430x_lc_sd_eabi.lib</file>
         <name>int46.asm.obj</name>
      </input_file>
      <input_file id="fl-44">
         <path>C:\ti\ccs1040\ccs\tools\compiler\ti-cgt-msp430_20.2.5.LTS\lib\</path>
         <kind>archive</kind>
         <file>rts430x_lc_sd_eabi.lib</file>
         <name>int48.asm.obj</name>
      </input_file>
      <input_file id="fl-45">
         <path>C:\ti\ccs1040\ccs\tools\compiler\ti-cgt-msp430_20.2.5.LTS\lib\</path>
         <kind>archive</kind>
         <file>rts430x_lc_sd_eabi.lib</file>
         <name>int49.asm.obj</name>
      </input_file>
      <input_file id="fl-46">
         <path>C:\ti\ccs1040\ccs\tools\compiler\ti-cgt-msp430_20.2.5.LTS\lib\</path>
         <kind>archive</kind>
         <file>rts430x_lc_sd_eabi.lib</file>
         <name>int52.asm.obj</name>
      </input_file>
      <input_file id="fl-47">
         <path>C:\ti\ccs1040\ccs\tools\compiler\ti-cgt-msp430_20.2.5.LTS\lib\</path>
         <kind>archive</kind>
         <file>rts430x_lc_sd_eabi.lib</file>
         <name>int54.asm.obj</name>
      </input_file>
      <input_file id="fl-48">
         <path>C:\ti\ccs1040\ccs\tools\compiler\ti-cgt-msp430_20.2.5.LTS\lib\</path>
         <kind>archive</kind>
         <file>rts430x_lc_sd_eabi.lib</file>
         <name>int55.asm.obj</name>
      </input_file>
      <input_file id="fl-49">
         <path>C:\ti\ccs1040\ccs\tools\compiler\ti-cgt-msp430_20.2.5.LTS\lib\</path>
         <kind>archive</kind>
         <file>rts430x_lc_sd_eabi.lib</file>
         <name>int58.asm.obj</name>
      </input_file>
      <input_file id="fl-4a">
         <path>C:\ti\ccs1040\ccs\tools\compiler\ti-cgt-msp430_20.2.5.LTS\lib\</path>
         <kind>archive</kind>
         <file>rts430x_lc_sd_eabi.lib</file>
         <name>int59.asm.obj</name>
      </input_file>
      <input_file id="fl-4b">
         <path>C:\ti\ccs1040\ccs\tools\compiler\ti-cgt-msp430_20.2.5.LTS\lib\</path>
         <kind>archive</kind>
         <file>rts430x_lc_sd_eabi.lib</file>
         <name>int60.asm.obj</name>
      </input_file>
      <input_file id="fl-4c">
         <path>C:\ti\ccs1040\ccs\tools\compiler\ti-cgt-msp430_20.2.5.LTS\lib\</path>
         <kind>archive</kind>
         <file>rts430x_lc_sd_eabi.lib</file>
         <name>int61.asm.obj</name>
      </input_file>
      <input_file id="fl-4d">
         <path>C:\ti\ccs1040\ccs\tools\compiler\ti-cgt-msp430_20.2.5.LTS\lib\</path>
         <kind>archive</kind>
         <file>rts430x_lc_sd_eabi.lib</file>
         <name>int62.asm.obj</name>
      </input_file>
      <input_file id="fl-4e">
         <path>C:\ti\ccs1040\ccs\tools\compiler\ti-cgt-msp430_20.2.5.LTS\lib\</path>
         <kind>archive</kind>
         <file>rts430x_lc_sd_eabi.lib</file>
         <name>isr_trap.asm.obj</name>
      </input_file>
      <input_file id="fl-4f">
         <path>C:\ti\ccs1040\ccs\tools\compiler\ti-cgt-msp430_20.2.5.LTS\lib\</path>
         <kind>archive</kind>
         <file>rts430x_lc_sd_eabi.lib</file>
         <name>lsl32.asm.obj</name>
      </input_file>
      <input_file id="fl-50">
         <path>C:\ti\ccs1040\ccs\tools\compiler\ti-cgt-msp430_20.2.5.LTS\lib\</path>
         <kind>archive</kind>
         <file>rts430x_lc_sd_eabi.lib</file>
         <name>lsr32.asm.obj</name>
      </input_file>
      <input_file id="fl-51">
         <path>C:\ti\ccs1040\ccs\tools\compiler\ti-cgt-msp430_20.2.5.LTS\lib\</path>
         <kind>archive</kind>
         <file>rts430x_lc_sd_eabi.lib</file>
         <name>mult16.asm.obj</name>
      </input_file>
      <input_file id="fl-52">
         <path>C:\ti\ccs1040\ccs\tools\compiler\ti-cgt-msp430_20.2.5.LTS\lib\</path>
         <kind>archive</kind>
         <file>rts430x_lc_sd_eabi.lib</file>
         <name>mult16_f5hw.asm.obj</name>
      </input_file>
      <input_file id="fl-53">
         <path>C:\ti\ccs1040\ccs\tools\compiler\ti-cgt-msp430_20.2.5.LTS\lib\</path>
         <kind>archive</kind>
         <file>rts430x_lc_sd_eabi.lib</file>
         <name>mult1632_f5hw.asm.obj</name>
      </input_file>
      <input_file id="fl-54">
         <path>C:\ti\ccs1040\ccs\tools\compiler\ti-cgt-msp430_20.2.5.LTS\lib\</path>
         <kind>archive</kind>
         <file>rts430x_lc_sd_eabi.lib</file>
         <name>mult32.asm.obj</name>
      </input_file>
      <input_file id="fl-55">
         <path>C:\ti\ccs1040\ccs\tools\compiler\ti-cgt-msp430_20.2.5.LTS\lib\</path>
         <kind>archive</kind>
         <file>rts430x_lc_sd_eabi.lib</file>
         <name>mult32_f5hw.asm.obj</name>
      </input_file>
      <input_file id="fl-56">
         <path>C:\ti\ccs1040\ccs\tools\compiler\ti-cgt-msp430_20.2.5.LTS\lib\</path>
         <kind>archive</kind>
         <file>rts430x_lc_sd_eabi.lib</file>
         <name>mult3264_f5hw.asm.obj</name>
      </input_file>
      <input_file id="fl-57">
         <path>C:\ti\ccs1040\ccs\tools\compiler\ti-cgt-msp430_20.2.5.LTS\lib\</path>
         <kind>archive</kind>
         <file>rts430x_lc_sd_eabi.lib</file>
         <name>mult64.asm.obj</name>
      </input_file>
      <input_file id="fl-58">
         <path>C:\ti\ccs1040\ccs\tools\compiler\ti-cgt-msp430_20.2.5.LTS\lib\</path>
         <kind>archive</kind>
         <file>rts430x_lc_sd_eabi.lib</file>
         <name>mult64_f5hw.asm.obj</name>
      </input_file>
      <input_file id="fl-59">
         <path>C:\ti\ccs1040\ccs\tools\compiler\ti-cgt-msp430_20.2.5.LTS\lib\</path>
         <kind>archive</kind>
         <file>rts430x_lc_sd_eabi.lib</file>
         <name>boot.c.obj</name>
      </input_file>
      <input_file id="fl-5a">
         <path>C:\ti\ccs1040\ccs\tools\compiler\ti-cgt-msp430_20.2.5.LTS\lib\</path>
         <kind>archive</kind>
         <file>rts430x_lc_sd_eabi.lib</file>
         <name>autoinit.c.obj</name>
      </input_file>
      <input_file id="fl-5b">
         <path>C:\ti\ccs1040\ccs\tools\compiler\ti-cgt-msp430_20.2.5.LTS\lib\</path>
         <kind>archive</kind>
         <file>rts430x_lc_sd_eabi.lib</file>
         <name>copy_zero_init.c.obj</name>
      </input_file>
      <input_file id="fl-5c">
         <path>C:\ti\ccs1040\ccs\tools\compiler\ti-cgt-msp430_20.2.5.LTS\lib\</path>
         <kind>archive</kind>
         <file>rts430x_lc_sd_eabi.lib</file>
         <name>cpy_tbl.c.obj</name>
      </input_file>
      <input_file id="fl-5d">
         <path>C:\ti\ccs1040\ccs\tools\compiler\ti-cgt-msp430_20.2.5.LTS\lib\</path>
         <kind>archive</kind>
         <file>rts430x_lc_sd_eabi.lib</file>
         <name>mpu_init.c.obj</name>
      </input_file>
      <input_file id="fl-5e">
         <path>C:\ti\ccs1040\ccs\tools\compiler\ti-cgt-msp430_20.2.5.LTS\lib\</path>
         <kind>archive</kind>
         <file>rts430x_lc_sd_eabi.lib</file>
         <name>lsl64.c.obj</name>
      </input_file>
      <input_file id="fl-5f">
         <path>C:\ti\ccs1040\ccs\tools\compiler\ti-cgt-msp430_20.2.5.LTS\lib\</path>
         <kind>archive</kind>
         <file>rts430x_lc_sd_eabi.lib</file>
         <name>lsr64.c.obj</name>
      </input_file>
      <input_file id="fl-60">
         <path>C:\ti\ccs1040\ccs\tools\compiler\ti-cgt-msp430_20.2.5.LTS\lib\</path>
         <kind>archive</kind>
         <file>rts430x_lc_sd_eabi.lib</file>
         <name>div64s.c.obj</name>
      </input_file>
      <input_file id="fl-61">
         <path>C:\ti\ccs1040\ccs\tools\compiler\ti-cgt-msp430_20.2.5.LTS\lib\</path>
         <kind>archive</kind>
         <file>rts430x_lc_sd_eabi.lib</file>
         <name>div64u.c.obj</name>
      </input_file>
      <input_file id="fl-62">
         <path>C:\ti\ccs1040\ccs\tools\compiler\ti-cgt-msp430_20.2.5.LTS\lib\</path>
         <kind>archive</kind>
         <file>rts430x_lc_sd_eabi.lib</file>
         <name>startup.c.obj</name>
      </input_file>
      <input_file id="fl-63">
         <path>C:\ti\ccs1040\ccs\tools\compiler\ti-cgt-msp430_20.2.5.LTS\lib\</path>
         <kind>archive</kind>
         <file>rts430x_lc_sd_eabi.lib</file>
         <name>copy_decompress_none.c.obj</name>
      </input_file>
      <input_file id="fl-64">
         <path>C:\ti\ccs1040\ccs\tools\compiler\ti-cgt-msp430_20.2.5.LTS\lib\</path>
         <kind>archive</kind>
         <file>rts430x_lc_sd_eabi.lib</file>
         <name>copy_decompress_lzss.c.obj</name>
      </input_file>
      <input_file id="fl-65">
         <path>C:\ti\ccs1040\ccs\tools\compiler\ti-cgt-msp430_20.2.5.LTS\lib\</path>
         <kind>archive</kind>
         <file>rts430x_lc_sd_eabi.lib</file>
         <name>addd.c.obj</name>
      </input_file>
      <input_file id="fl-66">
         <path>C:\ti\ccs1040\ccs\tools\compiler\ti-cgt-msp430_20.2.5.LTS\lib\</path>
         <kind>archive</kind>
         <file>rts430x_lc_sd_eabi.lib</file>
         <name>cmpd.c.obj</name>
      </input_file>
      <input_file id="fl-67">
         <path>C:\ti\ccs1040\ccs\tools\compiler\ti-cgt-msp430_20.2.5.LTS\lib\</path>
         <kind>archive</kind>
         <file>rts430x_lc_sd_eabi.lib</file>
         <name>cvtfd.c.obj</name>
      </input_file>
      <input_file id="fl-68">
         <path>C:\ti\ccs1040\ccs\tools\compiler\ti-cgt-msp430_20.2.5.LTS\lib\</path>
         <kind>archive</kind>
         <file>rts430x_lc_sd_eabi.lib</file>
         <name>divd.c.obj</name>
      </input_file>
      <input_file id="fl-69">
         <path>C:\ti\ccs1040\ccs\tools\compiler\ti-cgt-msp430_20.2.5.LTS\lib\</path>
         <kind>archive</kind>
         <file>rts430x_lc_sd_eabi.lib</file>
         <name>fixdli.c.obj</name>
      </input_file>
      <input_file id="fl-6a">
         <path>C:\ti\ccs1040\ccs\tools\compiler\ti-cgt-msp430_20.2.5.LTS\lib\</path>
         <kind>archive</kind>
         <file>rts430x_lc_sd_eabi.lib</file>
         <name>fixdul.c.obj</name>
      </input_file>
      <input_file id="fl-6b">
         <path>C:\ti\ccs1040\ccs\tools\compiler\ti-cgt-msp430_20.2.5.LTS\lib\</path>
         <kind>archive</kind>
         <file>rts430x_lc_sd_eabi.lib</file>
         <name>fltid.c.obj</name>
      </input_file>
      <input_file id="fl-6c">
         <path>C:\ti\ccs1040\ccs\tools\compiler\ti-cgt-msp430_20.2.5.LTS\lib\</path>
         <kind>archive</kind>
         <file>rts430x_lc_sd_eabi.lib</file>
         <name>fltlid.c.obj</name>
      </input_file>
      <input_file id="fl-6d">
         <path>C:\ti\ccs1040\ccs\tools\compiler\ti-cgt-msp430_20.2.5.LTS\lib\</path>
         <kind>archive</kind>
         <file>rts430x_lc_sd_eabi.lib</file>
         <name>fltllid.c.obj</name>
      </input_file>
      <input_file id="fl-6e">
         <path>C:\ti\ccs1040\ccs\tools\compiler\ti-cgt-msp430_20.2.5.LTS\lib\</path>
         <kind>archive</kind>
         <file>rts430x_lc_sd_eabi.lib</file>
         <name>fltuld.c.obj</name>
      </input_file>
      <input_file id="fl-6f">
         <path>C:\ti\ccs1040\ccs\tools\compiler\ti-cgt-msp430_20.2.5.LTS\lib\</path>
         <kind>archive</kind>
         <file>rts430x_lc_sd_eabi.lib</file>
         <name>frcdivd.c.obj</name>
      </input_file>
      <input_file id="fl-70">
         <path>C:\ti\ccs1040\ccs\tools\compiler\ti-cgt-msp430_20.2.5.LTS\lib\</path>
         <kind>archive</kind>
         <file>rts430x_lc_sd_eabi.lib</file>
         <name>mpyd.c.obj</name>
      </input_file>
      <input_file id="fl-71">
         <path>C:\ti\ccs1040\ccs\tools\compiler\ti-cgt-msp430_20.2.5.LTS\lib\</path>
         <kind>archive</kind>
         <file>rts430x_lc_sd_eabi.lib</file>
         <name>negd.c.obj</name>
      </input_file>
      <input_file id="fl-72">
         <path>C:\ti\ccs1040\ccs\tools\compiler\ti-cgt-msp430_20.2.5.LTS\lib\</path>
         <kind>archive</kind>
         <file>rts430x_lc_sd_eabi.lib</file>
         <name>subd.c.obj</name>
      </input_file>
      <input_file id="fl-73">
         <path>C:\ti\ccs1040\ccs\tools\compiler\ti-cgt-msp430_20.2.5.LTS\lib\</path>
         <kind>archive</kind>
         <file>rts430x_lc_sd_eabi.lib</file>
         <name>cvtdf.c.obj</name>
      </input_file>
      <input_file id="fl-74">
         <path>C:\ti\ccs1040\ccs\tools\compiler\ti-cgt-msp430_20.2.5.LTS\lib\</path>
         <kind>archive</kind>
         <file>rts430x_lc_sd_eabi.lib</file>
         <name>exit.c.obj</name>
      </input_file>
      <input_file id="fl-75">
         <path>C:\ti\ccs1040\ccs\tools\compiler\ti-cgt-msp430_20.2.5.LTS\lib\</path>
         <kind>archive</kind>
         <file>rts430x_lc_sd_eabi.lib</file>
         <name>_lock.c.obj</name>
      </input_file>
      <input_file id="fl-76">
         <path>C:\ti\ccs1040\ccs\tools\compiler\ti-cgt-msp430_20.2.5.LTS\lib\</path>
         <kind>archive</kind>
         <file>rts430x_lc_sd_eabi.lib</file>
         <name>args_main.c.obj</name>
      </input_file>
      <input_file id="fl-77">
         <path>C:\ti\ccs1040\ccs\tools\compiler\ti-cgt-msp430_20.2.5.LTS\lib\</path>
         <kind>archive</kind>
         <file>rts430x_lc_sd_eabi.lib</file>
         <name>memcmp.c.obj</name>
      </input_file>
      <input_file id="fl-78">
         <path>C:\ti\ccs1040\ccs\tools\compiler\ti-cgt-msp430_20.2.5.LTS\lib\</path>
         <kind>archive</kind>
         <file>rts430x_lc_sd_eabi.lib</file>
         <name>memcpy.c.obj</name>
      </input_file>
      <input_file id="fl-79">
         <path>C:\ti\ccs1040\ccs\tools\compiler\ti-cgt-msp430_20.2.5.LTS\lib\</path>
         <kind>archive</kind>
         <file>rts430x_lc_sd_eabi.lib</file>
         <name>memmov.c.obj</name>
      </input_file>
      <input_file id="fl-7a">
         <path>C:\ti\ccs1040\ccs\tools\compiler\ti-cgt-msp430_20.2.5.LTS\lib\</path>
         <kind>archive</kind>
         <file>rts430x_lc_sd_eabi.lib</file>
         <name>memset.c.obj</name>
      </input_file>
      <input_file id="fl-7b">
         <path>C:\ti\ccs1040\ccs\tools\compiler\ti-cgt-msp430_20.2.5.LTS\lib\</path>
         <kind>archive</kind>
         <file>rts430x_lc_sd_eabi.lib</file>
         <name>llabs.c.obj</name>
      </input_file>
      <input_file id="fl-7c">
         <path>C:\ti\ccs1040\ccs\tools\compiler\ti-cgt-msp430_20.2.5.LTS\lib\</path>
         <kind>archive</kind>
         <file>rts430x_lc_sd_eabi.lib</file>
         <name>errno.c.obj</name>
      </input_file>
      <input_file id="fl-7d">
         <path>C:\ti\ccs1040\ccs\tools\compiler\ti-cgt-msp430_20.2.5.LTS\lib\</path>
         <kind>archive</kind>
         <file>rts430x_lc_sd_eabi.lib</file>
         <name>s_copysign.c.obj</name>
      </input_file>
      <input_file id="fl-7e">
         <path>C:\ti\ccs1040\ccs\tools\compiler\ti-cgt-msp430_20.2.5.LTS\lib\</path>
         <kind>archive</kind>
         <file>rts430x_lc_sd_eabi.lib</file>
         <name>cpy_util.asm.obj</name>
      </input_file>
      <input_file id="fl-7f">
         <path>C:\ti\ccs1040\ccs\tools\compiler\ti-cgt-msp430_20.2.5.LTS\lib\</path>
         <kind>archive</kind>
         <file>rts430x_lc_sd_eabi.lib</file>
         <name>mult1632.asm.obj</name>
      </input_file>
      <input_file id="fl-80">
         <path>C:\ti\ccs1040\ccs\tools\compiler\ti-cgt-msp430_20.2.5.LTS\lib\</path>
         <kind>archive</kind>
         <file>rts430x_lc_sd_eabi.lib</file>
         <name>exit_gvars.c.obj</name>
      </input_file>
      <input_file id="fl-81">
         <path>C:\ti\ccs1040\ccs\tools\compiler\ti-cgt-msp430_20.2.5.LTS\lib\</path>
         <kind>archive</kind>
         <file>rts430x_lc_sd_eabi.lib</file>
         <name>asr64.c.obj</name>
      </input_file>
      <input_file id="fl-82">
         <path>C:\ti\ccs1040\ccs\tools\compiler\ti-cgt-msp430_20.2.5.LTS\lib\</path>
         <kind>archive</kind>
         <file>rts430x_lc_sd_eabi.lib</file>
         <name>frcmpyd.c.obj</name>
      </input_file>
      <input_file id="fl-83">
         <path>C:\ti\ccs1040\ccs\tools\compiler\ti-cgt-msp430_20.2.5.LTS\lib\</path>
         <kind>archive</kind>
         <file>rts430x_lc_sd_eabi.lib</file>
         <name>mult3264.asm.obj</name>
      </input_file>
   </input_file_list>
   <object_component_list>
      <object_component id="oc-388">
         <name>.bss</name>
         <uninitialized>true</uninitialized>
         <run_address>0x1ca4</run_address>
         <size>0xe</size>
         <input_file_ref idref="fl-4"/>
      </object_component>
      <object_component id="oc-3eb">
         <name>.bss:mrfiIncomingPacket</name>
         <uninitialized>true</uninitialized>
         <run_address>0x1c8c</run_address>
         <size>0x18</size>
         <input_file_ref idref="fl-8"/>
      </object_component>
      <object_component id="oc-6a1">
         <name>.bss:sInFrameQ</name>
         <uninitialized>true</uninitialized>
         <run_address>0x1c00</run_address>
         <size>0x34</size>
         <input_file_ref idref="fl-a"/>
      </object_component>
      <object_component id="oc-6a4">
         <name>.bss:sOutFrameQ</name>
         <uninitialized>true</uninitialized>
         <run_address>0x1c34</run_address>
         <size>0x34</size>
         <input_file_ref idref="fl-a"/>
      </object_component>
      <object_component id="oc-8ef">
         <name>.bss:sAPAddress</name>
         <uninitialized>true</uninitialized>
         <run_address>0x1cbc</run_address>
         <size>0x4</size>
         <input_file_ref idref="fl-d"/>
      </object_component>
      <object_component id="oc-77d">
         <name>.bss:sMyRAMAddress</name>
         <uninitialized>true</uninitialized>
         <run_address>0x1cc0</run_address>
         <size>0x4</size>
         <input_file_ref idref="fl-d"/>
      </object_component>
      <object_component id="oc-905">
         <name>.bss:sServiceLinkID</name>
         <uninitialized>true</uninitialized>
         <run_address>0x1ce8</run_address>
         <size>0x2</size>
         <input_file_ref idref="fl-11"/>
      </object_component>
      <object_component id="oc-384">
         <name>.common:internal_temp</name>
         <uninitialized>true</uninitialized>
         <run_address>0x1cd4</run_address>
         <size>0x4</size>
      </object_component>
      <object_component id="oc-538">
         <name>.common:_sensorID</name>
         <uninitialized>true</uninitialized>
         <run_address>0x1cc4</run_address>
         <size>0x4</size>
      </object_component>
      <object_component id="oc-59f">
         <name>.common:t_fine</name>
         <uninitialized>true</uninitialized>
         <run_address>0x1ce0</run_address>
         <size>0x4</size>
      </object_component>
      <object_component id="oc-596">
         <name>.common:_bme280_calib</name>
         <uninitialized>true</uninitialized>
         <run_address>0x1c68</run_address>
         <size>0x24</size>
      </object_component>
      <object_component id="oc-379">
         <name>.common:fptr_one_sec_function</name>
         <uninitialized>true</uninitialized>
         <run_address>0x1ccc</run_address>
         <size>0x4</size>
      </object_component>
      <object_component id="oc-45a">
         <name>.common:temp</name>
         <uninitialized>true</uninitialized>
         <run_address>0x1ce4</run_address>
         <size>0x4</size>
      </object_component>
      <object_component id="oc-461">
         <name>.common:pressure</name>
         <uninitialized>true</uninitialized>
         <run_address>0x1cd8</run_address>
         <size>0x4</size>
      </object_component>
      <object_component id="oc-468">
         <name>.common:hum</name>
         <uninitialized>true</uninitialized>
         <run_address>0x1cd0</run_address>
         <size>0x4</size>
      </object_component>
      <object_component id="oc-46f">
         <name>.common:int_temp</name>
         <uninitialized>true</uninitialized>
         <run_address>0x1cea</run_address>
         <size>0x2</size>
      </object_component>
      <object_component id="oc-470">
         <name>.common:msg</name>
         <uninitialized>true</uninitialized>
         <run_address>0x1cb2</run_address>
         <size>0xa</size>
      </object_component>
      <object_component id="oc-372">
         <name>.common:fptr_Timer1_A3_function</name>
         <uninitialized>true</uninitialized>
         <run_address>0x1cc8</run_address>
         <size>0x4</size>
      </object_component>
      <object_component id="oc-36f">
         <name>.common:sTimer</name>
         <uninitialized>true</uninitialized>
         <run_address>0x1cdc</run_address>
         <size>0x4</size>
      </object_component>
      <object_component id="oc-59c">
         <name>.data</name>
         <load_address>0x1d4a</load_address>
         <run_address>0x1d4a</run_address>
         <size>0x4</size>
         <input_file_ref idref="fl-3"/>
      </object_component>
      <object_component id="oc-477">
         <name>.data</name>
         <load_address>0x1d52</load_address>
         <run_address>0x1d52</run_address>
         <size>0x3</size>
         <input_file_ref idref="fl-5"/>
      </object_component>
      <object_component id="oc-3dc">
         <name>.data</name>
         <load_address>0x1d16</load_address>
         <run_address>0x1d16</run_address>
         <size>0x17</size>
         <input_file_ref idref="fl-8"/>
      </object_component>
      <object_component id="oc-4eb">
         <name>.data:mrfiRxFilterAddr</name>
         <load_address>0x1d4e</load_address>
         <run_address>0x1d4e</run_address>
         <size>0x4</size>
         <input_file_ref idref="fl-8"/>
      </object_component>
      <object_component id="oc-73e">
         <name>.data:sPersistInfo</name>
         <load_address>0x1cec</load_address>
         <run_address>0x1cec</run_address>
         <size>0x29</size>
         <input_file_ref idref="fl-9"/>
      </object_component>
      <object_component id="oc-556">
         <name>.data</name>
         <load_address>0x1d15</load_address>
         <run_address>0x1d15</run_address>
         <size>0x1</size>
         <input_file_ref idref="fl-b"/>
      </object_component>
      <object_component id="oc-6b0">
         <name>.data</name>
         <load_address>0x1d2e</load_address>
         <run_address>0x1d2e</run_address>
         <size>0xa</size>
         <input_file_ref idref="fl-c"/>
      </object_component>
      <object_component id="oc-77a">
         <name>.data</name>
         <load_address>0x1d2d</load_address>
         <run_address>0x1d2d</run_address>
         <size>0x1</size>
         <input_file_ref idref="fl-d"/>
      </object_component>
      <object_component id="oc-787">
         <name>.data</name>
         <load_address>0x1d38</load_address>
         <run_address>0x1d38</run_address>
         <size>0x9</size>
         <input_file_ref idref="fl-10"/>
      </object_component>
      <object_component id="oc-63a">
         <name>.data</name>
         <load_address>0x1d42</load_address>
         <run_address>0x1d42</run_address>
         <size>0x7</size>
         <input_file_ref idref="fl-11"/>
      </object_component>
      <object_component id="oc-901">
         <name>.data</name>
         <load_address>0x1d56</load_address>
         <run_address>0x1d56</run_address>
         <size>0x3</size>
         <input_file_ref idref="fl-12"/>
      </object_component>
      <object_component id="oc-8fc">
         <name>.data</name>
         <load_address>0x1d41</load_address>
         <run_address>0x1d41</run_address>
         <size>0x1</size>
         <input_file_ref idref="fl-13"/>
      </object_component>
      <object_component id="oc-2ea">
         <name>.stack</name>
         <uninitialized>true</uninitialized>
         <run_address>0x2bac</run_address>
         <size>0x2</size>
         <input_file_ref idref="fl-59"/>
      </object_component>
      <object_component id="oc-a4a">
         <name>.stack</name>
         <uninitialized>true</uninitialized>
         <run_address>0x2bac</run_address>
         <size>0x0</size>
      </object_component>
      <object_component id="oc-45b">
         <name>.text:bme280_readPressure</name>
         <load_address>0x8000</load_address>
         <run_address>0x8000</run_address>
         <size>0x3be</size>
         <input_file_ref idref="fl-3"/>
      </object_component>
      <object_component id="oc-7b2">
         <name>.text:__mspabi_divull</name>
         <load_address>0x83be</load_address>
         <run_address>0x83be</run_address>
         <size>0x34e</size>
         <input_file_ref idref="fl-61"/>
      </object_component>
      <object_component id="oc-5b8">
         <name>.text:__mspabi_mpyd</name>
         <load_address>0x870c</load_address>
         <run_address>0x870c</run_address>
         <size>0x298</size>
         <input_file_ref idref="fl-70"/>
      </object_component>
      <object_component id="oc-559">
         <name>.text:MRFI_Init</name>
         <load_address>0x89a4</load_address>
         <run_address>0x89a4</run_address>
         <size>0x1e2</size>
         <input_file_ref idref="fl-8"/>
      </object_component>
      <object_component id="oc-462">
         <name>.text:bme280_readHumidity</name>
         <load_address>0x8b86</load_address>
         <run_address>0x8b86</run_address>
         <size>0x1b6</size>
         <input_file_ref idref="fl-3"/>
      </object_component>
      <object_component id="oc-9b3">
         <name>.text:smpl_send_link_reply</name>
         <load_address>0x8d3c</load_address>
         <run_address>0x8d3c</run_address>
         <size>0x196</size>
         <input_file_ref idref="fl-11"/>
      </object_component>
      <object_component id="oc-399">
         <name>.text:main</name>
         <load_address>0x8ed2</load_address>
         <run_address>0x8ed2</run_address>
         <size>0x186</size>
         <input_file_ref idref="fl-5"/>
      </object_component>
      <object_component id="oc-7c7">
         <name>.text:__TI_frcmpyd</name>
         <load_address>0x9058</load_address>
         <run_address>0x9058</run_address>
         <size>0x164</size>
         <input_file_ref idref="fl-82"/>
      </object_component>
      <object_component id="oc-48c">
         <name>.text:nwk_link</name>
         <load_address>0x91bc</load_address>
         <run_address>0x91bc</run_address>
         <size>0x156</size>
         <input_file_ref idref="fl-11"/>
      </object_component>
      <object_component id="oc-5ac">
         <name>.text:__mspabi_divlli</name>
         <load_address>0x9312</load_address>
         <run_address>0x9312</run_address>
         <size>0x13c</size>
         <input_file_ref idref="fl-60"/>
      </object_component>
      <object_component id="oc-64f">
         <name>.text:SMPL_Ioctl</name>
         <load_address>0x944e</load_address>
         <run_address>0x944e</run_address>
         <size>0x13a</size>
         <input_file_ref idref="fl-b"/>
      </object_component>
      <object_component id="oc-5b2">
         <name>.text:__mspabi_fltllid</name>
         <load_address>0x9588</load_address>
         <run_address>0x9588</run_address>
         <size>0x138</size>
         <input_file_ref idref="fl-6d"/>
      </object_component>
      <object_component id="oc-8d3">
         <name>.text:nwk_QfindOldest</name>
         <load_address>0x96c0</load_address>
         <run_address>0x96c0</run_address>
         <size>0x12a</size>
         <input_file_ref idref="fl-a"/>
      </object_component>
      <object_component id="oc-547">
         <name>.text:bme280_readCoefficients</name>
         <load_address>0x97ea</load_address>
         <run_address>0x97ea</run_address>
         <size>0x108</size>
         <input_file_ref idref="fl-3"/>
      </object_component>
      <object_component id="oc-47a">
         <name>.text:SMPL_SendOpt</name>
         <load_address>0x98f2</load_address>
         <run_address>0x98f2</run_address>
         <size>0x100</size>
         <input_file_ref idref="fl-b"/>
      </object_component>
      <object_component id="oc-37d">
         <name>.text:Mrfi_SyncPinRxIsr</name>
         <load_address>0x99f2</load_address>
         <run_address>0x99f2</run_address>
         <size>0xfa</size>
         <input_file_ref idref="fl-8"/>
      </object_component>
      <object_component id="oc-57d">
         <name>.text:nwk_join</name>
         <load_address>0x9aec</load_address>
         <run_address>0x9aec</run_address>
         <size>0xf0</size>
         <input_file_ref idref="fl-10"/>
      </object_component>
      <object_component id="oc-67">
         <name>.text:decompress:lzss:__TI_decompress_lzss</name>
         <load_address>0x9bdc</load_address>
         <run_address>0x9bdc</run_address>
         <size>0xee</size>
         <input_file_ref idref="fl-64"/>
      </object_component>
      <object_component id="oc-62e">
         <name>.text:nwk_allocateLocalRxPort</name>
         <load_address>0x9cca</load_address>
         <run_address>0x9cca</run_address>
         <size>0xd6</size>
         <input_file_ref idref="fl-9"/>
      </object_component>
      <object_component id="oc-454">
         <name>.text:bme280_readTemperature</name>
         <load_address>0x9da0</load_address>
         <run_address>0x9da0</run_address>
         <size>0xce</size>
         <input_file_ref idref="fl-3"/>
      </object_component>
      <object_component id="oc-7ef">
         <name>.text:MRFI_Transmit</name>
         <load_address>0x9e6e</load_address>
         <run_address>0x9e6e</run_address>
         <size>0xc6</size>
         <input_file_ref idref="fl-8"/>
      </object_component>
      <object_component id="oc-504">
         <name>.text:dispatchFrame</name>
         <load_address>0x9f34</load_address>
         <run_address>0x9f34</run_address>
         <size>0xb2</size>
         <input_file_ref idref="fl-c"/>
      </object_component>
      <object_component id="oc-710">
         <name>.text:nwk_retrieveFrame</name>
         <load_address>0x9fe6</load_address>
         <run_address>0x9fe6</run_address>
         <size>0xa6</size>
         <input_file_ref idref="fl-c"/>
      </object_component>
      <object_component id="oc-322">
         <name>.text:_isr:USCIAB1TX_ISR</name>
         <load_address>0xa08c</load_address>
         <run_address>0xa08c</run_address>
         <size>0xa2</size>
         <input_file_ref idref="fl-4"/>
      </object_component>
      <object_component id="oc-850">
         <name>.text:nwk_radioControl</name>
         <load_address>0xa12e</load_address>
         <run_address>0xa12e</run_address>
         <size>0xa0</size>
         <input_file_ref idref="fl-f"/>
      </object_component>
      <object_component id="oc-436">
         <name>.text:bme280_init</name>
         <load_address>0xa1ce</load_address>
         <run_address>0xa1ce</run_address>
         <size>0x9e</size>
         <input_file_ref idref="fl-3"/>
      </object_component>
      <object_component id="oc-8bd">
         <name>.text:nwk_sendAckReply</name>
         <load_address>0xa26c</load_address>
         <run_address>0xa26c</run_address>
         <size>0x9a</size>
         <input_file_ref idref="fl-c"/>
      </object_component>
      <object_component id="oc-5fa">
         <name>.text:nwk_buildFrame</name>
         <load_address>0xa306</load_address>
         <run_address>0xa306</run_address>
         <size>0x96</size>
         <input_file_ref idref="fl-c"/>
      </object_component>
      <object_component id="oc-406">
         <name>.text:mrfiRadioInterfaceCmdStrobe</name>
         <load_address>0xa39c</load_address>
         <run_address>0xa39c</run_address>
         <size>0x94</size>
         <input_file_ref idref="fl-8"/>
      </object_component>
      <object_component id="oc-6bc">
         <name>.text:nwk_isConnectionValid</name>
         <load_address>0xa430</load_address>
         <run_address>0xa430</run_address>
         <size>0x92</size>
         <input_file_ref idref="fl-9"/>
      </object_component>
      <object_component id="oc-55f">
         <name>.text:nwk_nwkInit</name>
         <load_address>0xa4c2</load_address>
         <run_address>0xa4c2</run_address>
         <size>0x86</size>
         <input_file_ref idref="fl-9"/>
      </object_component>
      <object_component id="oc-5d0">
         <name>.text:__mspabi_fltuld</name>
         <load_address>0xa548</load_address>
         <run_address>0xa548</run_address>
         <size>0x80</size>
         <input_file_ref idref="fl-6e"/>
      </object_component>
      <object_component id="oc-4f8">
         <name>.text:nwk_QfindSlot</name>
         <load_address>0xa5c8</load_address>
         <run_address>0xa5c8</run_address>
         <size>0x7c</size>
         <input_file_ref idref="fl-a"/>
      </object_component>
      <object_component id="oc-4bd">
         <name>.text:__TI_auto_init_nobinit_nopinit_hold_wdt:__TI_auto_init_nobinit_nopinit_hold_wdt</name>
         <load_address>0xa644</load_address>
         <run_address>0xa644</run_address>
         <size>0x6a</size>
         <input_file_ref idref="fl-5a"/>
      </object_component>
      <object_component id="oc-5d6">
         <name>.text:__mspabi_fixdul</name>
         <load_address>0xa6ae</load_address>
         <run_address>0xa6ae</run_address>
         <size>0x68</size>
         <input_file_ref idref="fl-6a"/>
      </object_component>
      <object_component id="oc-316">
         <name>.text:_isr:MRFI_RadioIsr</name>
         <load_address>0xa716</load_address>
         <run_address>0xa716</run_address>
         <size>0x68</size>
         <input_file_ref idref="fl-8"/>
      </object_component>
      <object_component id="oc-5be">
         <name>.text:__mspabi_fixdli</name>
         <load_address>0xa77e</load_address>
         <run_address>0xa77e</run_address>
         <size>0x66</size>
         <input_file_ref idref="fl-69"/>
      </object_component>
      <object_component id="oc-9ad">
         <name>.text:smpl_send_unlink_reply</name>
         <load_address>0xa7e4</load_address>
         <run_address>0xa7e4</run_address>
         <size>0x66</size>
         <input_file_ref idref="fl-11"/>
      </object_component>
      <object_component id="oc-3e5">
         <name>.text:mrfiRadioInterfaceReadRxFifo</name>
         <load_address>0xa84a</load_address>
         <run_address>0xa84a</run_address>
         <size>0x64</size>
         <input_file_ref idref="fl-8"/>
      </object_component>
      <object_component id="oc-5a1">
         <name>.text:__mpyll</name>
         <load_address>0xa8ae</load_address>
         <run_address>0xa8ae</run_address>
         <size>0x5c</size>
         <input_file_ref idref="fl-58"/>
      </object_component>
      <object_component id="oc-42a">
         <name>.text:init_i2c</name>
         <load_address>0xa90a</load_address>
         <run_address>0xa90a</run_address>
         <size>0x5c</size>
         <input_file_ref idref="fl-4"/>
      </object_component>
      <object_component id="oc-30a">
         <name>.text:_isr:Timer1_A1_5_ISR</name>
         <load_address>0xa966</load_address>
         <run_address>0xa966</run_address>
         <size>0x58</size>
         <input_file_ref idref="fl-6"/>
      </object_component>
      <object_component id="oc-733">
         <name>.text</name>
         <load_address>0xa9be</load_address>
         <run_address>0xa9be</run_address>
         <size>0x58</size>
         <input_file_ref idref="fl-3c"/>
      </object_component>
      <object_component id="oc-442">
         <name>.text:sRxCallback</name>
         <load_address>0xaa16</load_address>
         <run_address>0xaa16</run_address>
         <size>0x54</size>
         <input_file_ref idref="fl-5"/>
      </object_component>
      <object_component id="oc-41d">
         <name>.text:Bsp_SetClocks</name>
         <load_address>0xaa6a</load_address>
         <run_address>0xaa6a</run_address>
         <size>0x52</size>
         <input_file_ref idref="fl-7"/>
      </object_component>
      <object_component id="oc-6d7">
         <name>.text:SetVCoreUp</name>
         <load_address>0xaabc</load_address>
         <run_address>0xaabc</run_address>
         <size>0x52</size>
         <input_file_ref idref="fl-7"/>
      </object_component>
      <object_component id="oc-856">
         <name>.text:nwk_rawSend</name>
         <load_address>0xab0e</load_address>
         <run_address>0xab0e</run_address>
         <size>0x52</size>
         <input_file_ref idref="fl-f"/>
      </object_component>
      <object_component id="oc-44e">
         <name>.text:Timer1_A4_Delay</name>
         <load_address>0xab60</load_address>
         <run_address>0xab60</run_address>
         <size>0x50</size>
         <input_file_ref idref="fl-6"/>
      </object_component>
      <object_component id="oc-628">
         <name>.text:nwk_getNextConnection</name>
         <load_address>0xabb0</load_address>
         <run_address>0xabb0</run_address>
         <size>0x50</size>
         <input_file_ref idref="fl-9"/>
      </object_component>
      <object_component id="oc-3df">
         <name>.text:mrfiRadioInterfaceReadReg</name>
         <load_address>0xac00</load_address>
         <run_address>0xac00</run_address>
         <size>0x4a</size>
         <input_file_ref idref="fl-8"/>
      </object_component>
      <object_component id="oc-54f">
         <name>.text:SMPL_Receive</name>
         <load_address>0xac4a</load_address>
         <run_address>0xac4a</run_address>
         <size>0x48</size>
         <input_file_ref idref="fl-b"/>
      </object_component>
      <object_component id="oc-3f4">
         <name>.text:Mrfi_RxAddrIsFiltered</name>
         <load_address>0xac92</load_address>
         <run_address>0xac92</run_address>
         <size>0x46</size>
         <input_file_ref idref="fl-8"/>
      </object_component>
      <object_component id="oc-9c1">
         <name>.text:nwk_findPeer</name>
         <load_address>0xacd8</load_address>
         <run_address>0xacd8</run_address>
         <size>0x46</size>
         <input_file_ref idref="fl-9"/>
      </object_component>
      <object_component id="oc-60c">
         <name>.text:MRFI_ReplyDelay</name>
         <load_address>0xad1e</load_address>
         <run_address>0xad1e</run_address>
         <size>0x44</size>
         <input_file_ref idref="fl-8"/>
      </object_component>
      <object_component id="oc-9a4">
         <name>.text:smpl_send_ping_reply</name>
         <load_address>0xad62</load_address>
         <run_address>0xad62</run_address>
         <size>0x44</size>
         <input_file_ref idref="fl-13"/>
      </object_component>
      <object_component id="oc-6f8">
         <name>.text:i2c_read</name>
         <load_address>0xada6</load_address>
         <run_address>0xada6</run_address>
         <size>0x42</size>
         <input_file_ref idref="fl-4"/>
      </object_component>
      <object_component id="oc-9ce">
         <name>.text:nwk_isLinkDuplicate</name>
         <load_address>0xade8</load_address>
         <run_address>0xade8</run_address>
         <size>0x42</size>
         <input_file_ref idref="fl-9"/>
      </object_component>
      <object_component id="oc-2f9">
         <name>.text:__memcpy_far</name>
         <load_address>0xae2a</load_address>
         <run_address>0xae2a</run_address>
         <size>0x40</size>
         <input_file_ref idref="fl-7e"/>
      </object_component>
      <object_component id="oc-7a6">
         <name>.text:__mspabi_srall</name>
         <load_address>0xae6a</load_address>
         <run_address>0xae6a</run_address>
         <size>0x40</size>
         <input_file_ref idref="fl-81"/>
      </object_component>
      <object_component id="oc-591">
         <name>.text</name>
         <load_address>0xaeaa</load_address>
         <run_address>0xaeaa</run_address>
         <size>0x40</size>
         <input_file_ref idref="fl-3b"/>
      </object_component>
      <object_component id="oc-328">
         <name>.text:decompress:ZI:__TI_zero_init_nomemset:__TI_zero_init_nomemset</name>
         <load_address>0xaeea</load_address>
         <run_address>0xaeea</run_address>
         <size>0x3e</size>
         <input_file_ref idref="fl-5b"/>
      </object_component>
      <object_component id="oc-809">
         <name>.text:initializeConnection</name>
         <load_address>0xaf28</load_address>
         <run_address>0xaf28</run_address>
         <size>0x3e</size>
         <input_file_ref idref="fl-9"/>
      </object_component>
      <object_component id="oc-58c">
         <name>.text:l_asr_const</name>
         <load_address>0xaf66</load_address>
         <run_address>0xaf66</run_address>
         <size>0x3e</size>
         <input_file_ref idref="fl-38"/>
      </object_component>
      <object_component id="oc-5cb">
         <name>.text:l_lsl_const</name>
         <load_address>0xafa4</load_address>
         <run_address>0xafa4</run_address>
         <size>0x3e</size>
         <input_file_ref idref="fl-4f"/>
      </object_component>
      <object_component id="oc-7d7">
         <name>.text:l_lsr_const</name>
         <load_address>0xafe2</load_address>
         <run_address>0xafe2</run_address>
         <size>0x3e</size>
         <input_file_ref idref="fl-50"/>
      </object_component>
      <object_component id="oc-586">
         <name>.text:read24</name>
         <load_address>0xb020</load_address>
         <run_address>0xb020</run_address>
         <size>0x3e</size>
         <input_file_ref idref="fl-3"/>
      </object_component>
      <object_component id="oc-6d">
         <name>.text:decompress:none:__TI_decompress_none</name>
         <load_address>0xb05e</load_address>
         <run_address>0xb05e</run_address>
         <size>0x3c</size>
         <input_file_ref idref="fl-63"/>
      </object_component>
      <object_component id="oc-63d">
         <name>.text:nwk_putNumObjectIntoMsg</name>
         <load_address>0xb09a</load_address>
         <run_address>0xb09a</run_address>
         <size>0x3c</size>
         <input_file_ref idref="fl-9"/>
      </object_component>
      <object_component id="oc-5a6">
         <name>.text:__mspabi_sllll</name>
         <load_address>0xb0d6</load_address>
         <run_address>0xb0d6</run_address>
         <size>0x3a</size>
         <input_file_ref idref="fl-5e"/>
      </object_component>
      <object_component id="oc-7ba">
         <name>.text:__mspabi_srlll</name>
         <load_address>0xb110</load_address>
         <run_address>0xb110</run_address>
         <size>0x3a</size>
         <input_file_ref idref="fl-5f"/>
      </object_component>
      <object_component id="oc-96c">
         <name>.text:nwk_isValidReply</name>
         <load_address>0xb14a</load_address>
         <run_address>0xb14a</run_address>
         <size>0x3a</size>
         <input_file_ref idref="fl-9"/>
      </object_component>
      <object_component id="oc-8b5">
         <name>.text:nwk_processMgmt</name>
         <load_address>0xb184</load_address>
         <run_address>0xb184</run_address>
         <size>0x3a</size>
         <input_file_ref idref="fl-12"/>
      </object_component>
      <object_component id="oc-50c">
         <name>.text:mrfiRadioInterfaceWriteReg</name>
         <load_address>0xb1be</load_address>
         <run_address>0xb1be</run_address>
         <size>0x38</size>
         <input_file_ref idref="fl-8"/>
      </object_component>
      <object_component id="oc-932">
         <name>.text:mrfiRadioInterfaceWriteTxFifo</name>
         <load_address>0xb1f6</load_address>
         <run_address>0xb1f6</run_address>
         <size>0x38</size>
         <input_file_ref idref="fl-8"/>
      </object_component>
      <object_component id="oc-6d0">
         <name>.text:BSP_Delay</name>
         <load_address>0xb22e</load_address>
         <run_address>0xb22e</run_address>
         <size>0x36</size>
         <input_file_ref idref="fl-7"/>
      </object_component>
      <object_component id="oc-6a7">
         <name>.text:nwk_QadjustOrder</name>
         <load_address>0xb264</load_address>
         <run_address>0xb264</run_address>
         <size>0x36</size>
         <input_file_ref idref="fl-a"/>
      </object_component>
      <object_component id="oc-448">
         <name>.text:SMPL_Init</name>
         <load_address>0xb29a</load_address>
         <run_address>0xb29a</run_address>
         <size>0x34</size>
         <input_file_ref idref="fl-b"/>
      </object_component>
      <object_component id="oc-71c">
         <name>.text:MRFI_SetLogicalChannel</name>
         <load_address>0xb2ce</load_address>
         <run_address>0xb2ce</run_address>
         <size>0x32</size>
         <input_file_ref idref="fl-8"/>
      </object_component>
      <object_component id="oc-84a">
         <name>.text:nwk_deviceAddress</name>
         <load_address>0xb300</load_address>
         <run_address>0xb300</run_address>
         <size>0x32</size>
         <input_file_ref idref="fl-f"/>
      </object_component>
      <object_component id="oc-5e2">
         <name>.text:nwk_getConnInfo</name>
         <load_address>0xb332</load_address>
         <run_address>0xb332</run_address>
         <size>0x32</size>
         <input_file_ref idref="fl-9"/>
      </object_component>
      <object_component id="oc-76b">
         <name>.text:nwk_linkInit</name>
         <load_address>0xb364</load_address>
         <run_address>0xb364</run_address>
         <size>0x32</size>
         <input_file_ref idref="fl-11"/>
      </object_component>
      <object_component id="oc-571">
         <name>.text:MRFI_SetRxAddrFilter</name>
         <load_address>0xb396</load_address>
         <run_address>0xb396</run_address>
         <size>0x30</size>
         <input_file_ref idref="fl-8"/>
      </object_component>
      <object_component id="oc-7e1">
         <name>.text:map_lid2idx</name>
         <load_address>0xb3c6</load_address>
         <run_address>0xb3c6</run_address>
         <size>0x30</size>
         <input_file_ref idref="fl-9"/>
      </object_component>
      <object_component id="oc-85c">
         <name>.text:nwk_rawReceive</name>
         <load_address>0xb3f6</load_address>
         <run_address>0xb3f6</run_address>
         <size>0x30</size>
         <input_file_ref idref="fl-f"/>
      </object_component>
      <object_component id="oc-600">
         <name>.text:nwk_sendFrame</name>
         <load_address>0xb426</load_address>
         <run_address>0xb426</run_address>
         <size>0x30</size>
         <input_file_ref idref="fl-c"/>
      </object_component>
      <object_component id="oc-5c5">
         <name>.text:read16</name>
         <load_address>0xb456</load_address>
         <run_address>0xb456</run_address>
         <size>0x30</size>
         <input_file_ref idref="fl-3"/>
      </object_component>
      <object_component id="oc-3fa">
         <name>.text:Mrfi_CalculateRssi</name>
         <load_address>0xb486</load_address>
         <run_address>0xb486</run_address>
         <size>0x2e</size>
         <input_file_ref idref="fl-8"/>
      </object_component>
      <object_component id="oc-7fd">
         <name>.text:Mrfi_DelayUsecSem</name>
         <load_address>0xb4b4</load_address>
         <run_address>0xb4b4</run_address>
         <size>0x2e</size>
         <input_file_ref idref="fl-8"/>
      </object_component>
      <object_component id="oc-310">
         <name>.text:_isr:Timer1_A0_ISR</name>
         <load_address>0xb4e2</load_address>
         <run_address>0xb4e2</run_address>
         <size>0x2e</size>
         <input_file_ref idref="fl-6"/>
      </object_component>
      <object_component id="oc-728">
         <name>.text:Mrfi_RxModeOff</name>
         <load_address>0xb510</load_address>
         <run_address>0xb510</run_address>
         <size>0x2c</size>
         <input_file_ref idref="fl-8"/>
      </object_component>
      <object_component id="oc-923">
         <name>.text:__mpyull</name>
         <load_address>0xb53c</load_address>
         <run_address>0xb53c</run_address>
         <size>0x2c</size>
         <input_file_ref idref="fl-56"/>
      </object_component>
      <object_component id="oc-430">
         <name>.text:adc_Init</name>
         <load_address>0xb568</load_address>
         <run_address>0xb568</run_address>
         <size>0x2c</size>
         <input_file_ref idref="fl-2"/>
      </object_component>
      <object_component id="oc-97a">
         <name>.text:handleLinkRequest</name>
         <load_address>0xb594</load_address>
         <run_address>0xb594</run_address>
         <size>0x2c</size>
         <input_file_ref idref="fl-11"/>
      </object_component>
      <object_component id="oc-6f2">
         <name>.text:i2c_write</name>
         <load_address>0xb5c0</load_address>
         <run_address>0xb5c0</run_address>
         <size>0x2c</size>
         <input_file_ref idref="fl-4"/>
      </object_component>
      <object_component id="oc-5f4">
         <name>.text:nwk_buildAckReqFrame</name>
         <load_address>0xb5ec</load_address>
         <run_address>0xb5ec</run_address>
         <size>0x2c</size>
         <input_file_ref idref="fl-c"/>
      </object_component>
      <object_component id="oc-4f2">
         <name>.text</name>
         <load_address>0xb618</load_address>
         <run_address>0xb618</run_address>
         <size>0x2c</size>
         <input_file_ref idref="fl-39"/>
      </object_component>
      <object_component id="oc-5ee">
         <name>.text:nwk_checkConnInfo</name>
         <load_address>0xb644</load_address>
         <run_address>0xb644</run_address>
         <size>0x2a</size>
         <input_file_ref idref="fl-9"/>
      </object_component>
      <object_component id="oc-618">
         <name>.text:MRFI_Sleep</name>
         <load_address>0xb66e</load_address>
         <run_address>0xb66e</run_address>
         <size>0x28</size>
         <input_file_ref idref="fl-8"/>
      </object_component>
      <object_component id="oc-512">
         <name>.text:Mrfi_DelayUsec</name>
         <load_address>0xb696</load_address>
         <run_address>0xb696</run_address>
         <size>0x28</size>
         <input_file_ref idref="fl-8"/>
      </object_component>
      <object_component id="oc-51b">
         <name>.text:SetVCore</name>
         <load_address>0xb6be</load_address>
         <run_address>0xb6be</run_address>
         <size>0x28</size>
         <input_file_ref idref="fl-7"/>
      </object_component>
      <object_component id="oc-814">
         <name>.text:memmove</name>
         <load_address>0xb6e6</load_address>
         <run_address>0xb6e6</run_address>
         <size>0x28</size>
         <input_file_ref idref="fl-79"/>
      </object_component>
      <object_component id="oc-897">
         <name>.text:nwk_processPing</name>
         <load_address>0xb70e</load_address>
         <run_address>0xb70e</run_address>
         <size>0x28</size>
         <input_file_ref idref="fl-13"/>
      </object_component>
      <object_component id="oc-6dd">
         <name>.text:SetVCoreDown</name>
         <load_address>0xb736</load_address>
         <run_address>0xb736</run_address>
         <size>0x26</size>
         <input_file_ref idref="fl-7"/>
      </object_component>
      <object_component id="oc-844">
         <name>.text:nwk_connectionControl</name>
         <load_address>0xb75c</load_address>
         <run_address>0xb75c</run_address>
         <size>0x26</size>
         <input_file_ref idref="fl-f"/>
      </object_component>
      <object_component id="oc-741">
         <name>.text:nwk_globalsInit</name>
         <load_address>0xb782</load_address>
         <run_address>0xb782</run_address>
         <size>0x26</size>
         <input_file_ref idref="fl-d"/>
      </object_component>
      <object_component id="oc-75f">
         <name>.text:nwk_joinInit</name>
         <load_address>0xb7a8</load_address>
         <run_address>0xb7a8</run_address>
         <size>0x26</size>
         <input_file_ref idref="fl-10"/>
      </object_component>
      <object_component id="oc-89d">
         <name>.text:nwk_processLink</name>
         <load_address>0xb7ce</load_address>
         <run_address>0xb7ce</run_address>
         <size>0x26</size>
         <input_file_ref idref="fl-11"/>
      </object_component>
      <object_component id="oc-532">
         <name>.text:read8</name>
         <load_address>0xb7f4</load_address>
         <run_address>0xb7f4</run_address>
         <size>0x26</size>
         <input_file_ref idref="fl-3"/>
      </object_component>
      <object_component id="oc-955">
         <name>.text:MRFI_Rssi</name>
         <load_address>0xb81a</load_address>
         <run_address>0xb81a</run_address>
         <size>0x24</size>
         <input_file_ref idref="fl-8"/>
      </object_component>
      <object_component id="oc-938">
         <name>.text:Mrfi_RandomBackoffDelay</name>
         <load_address>0xb83e</load_address>
         <run_address>0xb83e</run_address>
         <size>0x24</size>
         <input_file_ref idref="fl-8"/>
      </object_component>
      <object_component id="oc-597">
         <name>.text</name>
         <load_address>0xb862</load_address>
         <run_address>0xb862</run_address>
         <size>0x24</size>
         <input_file_ref idref="fl-55"/>
      </object_component>
      <object_component id="oc-577">
         <name>.text:MRFI_EnableRxAddrFilter</name>
         <load_address>0xb886</load_address>
         <run_address>0xb886</run_address>
         <size>0x22</size>
         <input_file_ref idref="fl-8"/>
      </object_component>
      <object_component id="oc-606">
         <name>.text:MRFI_RxOn</name>
         <load_address>0xb8a8</load_address>
         <run_address>0xb8a8</run_address>
         <size>0x22</size>
         <input_file_ref idref="fl-8"/>
      </object_component>
      <object_component id="oc-565">
         <name>.text:MRFI_WakeUp</name>
         <load_address>0xb8ca</load_address>
         <run_address>0xb8ca</run_address>
         <size>0x22</size>
         <input_file_ref idref="fl-8"/>
      </object_component>
      <object_component id="oc-6b3">
         <name>.text:memcmp</name>
         <load_address>0xb8ec</load_address>
         <run_address>0xb8ec</run_address>
         <size>0x22</size>
         <input_file_ref idref="fl-77"/>
      </object_component>
      <object_component id="oc-424">
         <name>.text:BSP_Init</name>
         <load_address>0xb90e</load_address>
         <run_address>0xb90e</run_address>
         <size>0x20</size>
         <input_file_ref idref="fl-7"/>
      </object_component>
      <object_component id="oc-400">
         <name>.text:MRFI_RxCompleteISR</name>
         <load_address>0xb92e</load_address>
         <run_address>0xb92e</run_address>
         <size>0x20</size>
         <input_file_ref idref="fl-c"/>
      </object_component>
      <object_component id="oc-612">
         <name>.text:MRFI_RxIdle</name>
         <load_address>0xb94e</load_address>
         <run_address>0xb94e</run_address>
         <size>0x20</size>
         <input_file_ref idref="fl-8"/>
      </object_component>
      <object_component id="oc-469">
         <name>.text:adc_GetRawTemp</name>
         <load_address>0xb96e</load_address>
         <run_address>0xb96e</run_address>
         <size>0x20</size>
         <input_file_ref idref="fl-2"/>
      </object_component>
      <object_component id="oc-747">
         <name>.text:nwk_frameInit</name>
         <load_address>0xb98e</load_address>
         <run_address>0xb98e</run_address>
         <size>0x20</size>
         <input_file_ref idref="fl-c"/>
      </object_component>
      <object_component id="oc-8a3">
         <name>.text:nwk_processJoin</name>
         <load_address>0xb9ae</load_address>
         <run_address>0xb9ae</run_address>
         <size>0x20</size>
         <input_file_ref idref="fl-10"/>
      </object_component>
      <object_component id="oc-486">
         <name>.text:nwk_unlink_forces</name>
         <load_address>0xb9ce</load_address>
         <run_address>0xb9ce</run_address>
         <size>0x20</size>
         <input_file_ref idref="fl-11"/>
      </object_component>
      <object_component id="oc-6e5">
         <name>.text:BSP_InitLeds</name>
         <load_address>0xb9ee</load_address>
         <run_address>0xb9ee</run_address>
         <size>0x1e</size>
         <input_file_ref idref="fl-7"/>
      </object_component>
      <object_component id="oc-722">
         <name>.text:MRFI_SetRFPwr</name>
         <load_address>0xba0c</load_address>
         <run_address>0xba0c</run_address>
         <size>0x1e</size>
         <input_file_ref idref="fl-8"/>
      </object_component>
      <object_component id="oc-74d">
         <name>.text:nwk_QInit</name>
         <load_address>0xba2a</load_address>
         <run_address>0xba2a</run_address>
         <size>0x1e</size>
         <input_file_ref idref="fl-a"/>
      </object_component>
      <object_component id="oc-31c">
         <name>.text:_isr:ADC12ISR</name>
         <load_address>0xba48</load_address>
         <run_address>0xba48</run_address>
         <size>0x1c</size>
         <input_file_ref idref="fl-2"/>
      </object_component>
      <object_component id="oc-33a">
         <name>.text:_isr:_c_int00_noargs</name>
         <load_address>0xba64</load_address>
         <run_address>0xba64</run_address>
         <size>0x1c</size>
         <input_file_ref idref="fl-59"/>
      </object_component>
      <object_component id="oc-94e">
         <name>.text:nwk_setMyAddress</name>
         <load_address>0xba80</load_address>
         <run_address>0xba80</run_address>
         <size>0x1c</size>
         <input_file_ref idref="fl-d"/>
      </object_component>
      <object_component id="oc-53b">
         <name>.text:write8</name>
         <load_address>0xba9c</load_address>
         <run_address>0xba9c</run_address>
         <size>0x1c</size>
         <input_file_ref idref="fl-3"/>
      </object_component>
      <object_component id="oc-738">
         <name>.text</name>
         <load_address>0xbab8</load_address>
         <run_address>0xbab8</run_address>
         <size>0x18</size>
         <input_file_ref idref="fl-52"/>
      </object_component>
      <object_component id="oc-8f3">
         <name>.text:MRFI_RandomByte</name>
         <load_address>0xbad0</load_address>
         <run_address>0xbad0</run_address>
         <size>0x16</size>
         <input_file_ref idref="fl-8"/>
      </object_component>
      <object_component id="oc-7f6">
         <name>.text:Mrfi_RxModeOn</name>
         <load_address>0xbae6</load_address>
         <run_address>0xbae6</run_address>
         <size>0x16</size>
         <input_file_ref idref="fl-8"/>
      </object_component>
      <object_component id="oc-7ac">
         <name>.text:llabs</name>
         <load_address>0xbafc</load_address>
         <run_address>0xbafc</run_address>
         <size>0x16</size>
         <input_file_ref idref="fl-7b"/>
      </object_component>
      <object_component id="oc-69b">
         <name>.text</name>
         <load_address>0xbb12</load_address>
         <run_address>0xbb12</run_address>
         <size>0x16</size>
         <input_file_ref idref="fl-3a"/>
      </object_component>
      <object_component id="oc-492">
         <name>.text:toggleLED</name>
         <load_address>0xbb28</load_address>
         <run_address>0xbb28</run_address>
         <size>0x16</size>
         <input_file_ref idref="fl-5"/>
      </object_component>
      <object_component id="oc-43c">
         <name>.text:Timer1_Init</name>
         <load_address>0xbb3e</load_address>
         <run_address>0xbb3e</run_address>
         <size>0x14</size>
         <input_file_ref idref="fl-6"/>
      </object_component>
      <object_component id="oc-820">
         <name>.text:ioctlPreInitAccessIsOK</name>
         <load_address>0xbb52</load_address>
         <run_address>0xbb52</run_address>
         <size>0x14</size>
         <input_file_ref idref="fl-b"/>
      </object_component>
      <object_component id="oc-3ee">
         <name>.text:memset</name>
         <load_address>0xbb66</load_address>
         <run_address>0xbb66</run_address>
         <size>0x14</size>
         <input_file_ref idref="fl-7a"/>
      </object_component>
      <object_component id="oc-393">
         <name>.text:_system_pre_init</name>
         <load_address>0xbb7a</load_address>
         <run_address>0xbb7a</run_address>
         <size>0x12</size>
         <input_file_ref idref="fl-7"/>
      </object_component>
      <object_component id="oc-471">
         <name>.text:memcpy</name>
         <load_address>0xbb8c</load_address>
         <run_address>0xbb8c</run_address>
         <size>0x12</size>
         <input_file_ref idref="fl-78"/>
      </object_component>
      <object_component id="oc-82c">
         <name>.text:nwk_getJoinToken</name>
         <load_address>0xbb9e</load_address>
         <run_address>0xbb9e</run_address>
         <size>0x12</size>
         <input_file_ref idref="fl-10"/>
      </object_component>
      <object_component id="oc-826">
         <name>.text:nwk_getLinkToken</name>
         <load_address>0xbbb0</load_address>
         <run_address>0xbbb0</run_address>
         <size>0x12</size>
         <input_file_ref idref="fl-11"/>
      </object_component>
      <object_component id="oc-56b">
         <name>.text:nwk_getMyAddress</name>
         <load_address>0xbbc2</load_address>
         <run_address>0xbbc2</run_address>
         <size>0x12</size>
         <input_file_ref idref="fl-d"/>
      </object_component>
      <object_component id="oc-832">
         <name>.text:nwk_setJoinToken</name>
         <load_address>0xbbd4</load_address>
         <run_address>0xbbd4</run_address>
         <size>0x12</size>
         <input_file_ref idref="fl-10"/>
      </object_component>
      <object_component id="oc-78a">
         <name>.text:nwk_setLinkToken</name>
         <load_address>0xbbe6</load_address>
         <run_address>0xbbe6</run_address>
         <size>0x12</size>
         <input_file_ref idref="fl-11"/>
      </object_component>
      <object_component id="oc-523">
         <name>.text:BSP_InitBoard</name>
         <load_address>0xbbf8</load_address>
         <run_address>0xbbf8</run_address>
         <size>0x10</size>
         <input_file_ref idref="fl-7"/>
      </object_component>
      <object_component id="oc-72e">
         <name>.text:l_asr</name>
         <load_address>0xbc08</load_address>
         <run_address>0xbc08</run_address>
         <size>0x10</size>
         <input_file_ref idref="fl-38"/>
      </object_component>
      <object_component id="oc-7cf">
         <name>.text:l_lsr</name>
         <load_address>0xbc18</load_address>
         <run_address>0xbc18</run_address>
         <size>0x10</size>
         <input_file_ref idref="fl-50"/>
      </object_component>
      <object_component id="oc-6eb">
         <name>.text:BSP_InitButtons</name>
         <load_address>0xbc28</load_address>
         <run_address>0xbc28</run_address>
         <size>0xe</size>
         <input_file_ref idref="fl-7"/>
      </object_component>
      <object_component id="oc-4fe">
         <name>.text:MRFI_Receive</name>
         <load_address>0xbc36</load_address>
         <run_address>0xbc36</run_address>
         <size>0xe</size>
         <input_file_ref idref="fl-8"/>
      </object_component>
      <object_component id="oc-541">
         <name>.text:bme280_isReadingCalibration</name>
         <load_address>0xbc44</load_address>
         <run_address>0xbc44</run_address>
         <size>0xe</size>
         <input_file_ref idref="fl-3"/>
      </object_component>
      <object_component id="oc-9c8">
         <name>.text:nwk_getNumObjectFromMsg</name>
         <load_address>0xbc52</load_address>
         <run_address>0xbc52</run_address>
         <size>0xe</size>
         <input_file_ref idref="fl-9"/>
      </object_component>
      <object_component id="oc-790">
         <name>.text:nwk_setAPAddress</name>
         <load_address>0xbc60</load_address>
         <run_address>0xbc60</run_address>
         <size>0xe</size>
         <input_file_ref idref="fl-d"/>
      </object_component>
      <object_component id="oc-480">
         <name>.text:BSP_to_lpm</name>
         <load_address>0xbc6e</load_address>
         <run_address>0xbc6e</run_address>
         <size>0xc</size>
         <input_file_ref idref="fl-7"/>
      </object_component>
      <object_component id="oc-8c3">
         <name>.text:MRFI_PostKillSem</name>
         <load_address>0xbc7a</load_address>
         <run_address>0xbc7a</run_address>
         <size>0xc</size>
         <input_file_ref idref="fl-8"/>
      </object_component>
      <object_component id="oc-972">
         <name>.text:handlePingRequest</name>
         <load_address>0xbc86</load_address>
         <run_address>0xbc86</run_address>
         <size>0xc</size>
         <input_file_ref idref="fl-13"/>
      </object_component>
      <object_component id="oc-529">
         <name>.text:BSP_InitDrivers</name>
         <load_address>0xbc92</load_address>
         <run_address>0xbc92</run_address>
         <size>0xa</size>
         <input_file_ref idref="fl-7"/>
      </object_component>
      <object_component id="oc-417">
         <name>.text:Bsp_SetVCore</name>
         <load_address>0xbc9c</load_address>
         <run_address>0xbc9c</run_address>
         <size>0xa</size>
         <input_file_ref idref="fl-7"/>
      </object_component>
      <object_component id="oc-765">
         <name>.text:nwk_mgmtInit</name>
         <load_address>0xbca6</load_address>
         <run_address>0xbca6</run_address>
         <size>0xa</size>
         <input_file_ref idref="fl-12"/>
      </object_component>
      <object_component id="oc-759">
         <name>.text:nwk_pingInit</name>
         <load_address>0xbcb0</load_address>
         <run_address>0xbcb0</run_address>
         <size>0xa</size>
         <input_file_ref idref="fl-13"/>
      </object_component>
      <object_component id="oc-305">
         <name>.text:_isr:__TI_ISR_TRAP</name>
         <load_address>0xbcba</load_address>
         <run_address>0xbcba</run_address>
         <size>0x8</size>
         <input_file_ref idref="fl-4e"/>
      </object_component>
      <object_component id="oc-703">
         <name>.text:read16_LE</name>
         <load_address>0xbcc2</load_address>
         <run_address>0xbcc2</run_address>
         <size>0x8</size>
         <input_file_ref idref="fl-3"/>
      </object_component>
      <object_component id="oc-5e8">
         <name>.text:MRFI_GetRadioState</name>
         <load_address>0xbcca</load_address>
         <run_address>0xbcca</run_address>
         <size>0x6</size>
         <input_file_ref idref="fl-8"/>
      </object_component>
      <object_component id="oc-499">
         <name>.text:abort</name>
         <load_address>0xbcd0</load_address>
         <run_address>0xbcd0</run_address>
         <size>0x6</size>
         <input_file_ref idref="fl-74"/>
      </object_component>
      <object_component id="oc-620">
         <name>.text:nwk_freeConnection</name>
         <load_address>0xbcd6</load_address>
         <run_address>0xbcd6</run_address>
         <size>0x6</size>
         <input_file_ref idref="fl-9"/>
      </object_component>
      <object_component id="oc-634">
         <name>.text:nwk_getBCastAddress</name>
         <load_address>0xbcdc</load_address>
         <run_address>0xbcdc</run_address>
         <size>0x6</size>
         <input_file_ref idref="fl-d"/>
      </object_component>
      <object_component id="oc-838">
         <name>.text:nwk_getFWVersion</name>
         <load_address>0xbce2</load_address>
         <run_address>0xbce2</run_address>
         <size>0x6</size>
         <input_file_ref idref="fl-d"/>
      </object_component>
      <object_component id="oc-643">
         <name>.text:nwk_getMyRxType</name>
         <load_address>0xbce8</load_address>
         <run_address>0xbce8</run_address>
         <size>0x6</size>
         <input_file_ref idref="fl-c"/>
      </object_component>
      <object_component id="oc-649">
         <name>.text:nwk_getProtocolVersion</name>
         <load_address>0xbcee</load_address>
         <run_address>0xbcee</run_address>
         <size>0x6</size>
         <input_file_ref idref="fl-d"/>
      </object_component>
      <object_component id="oc-709">
         <name>.text:readS16_LE</name>
         <load_address>0xbcf4</load_address>
         <run_address>0xbcf4</run_address>
         <size>0x6</size>
         <input_file_ref idref="fl-3"/>
      </object_component>
      <object_component id="oc-83e">
         <name>.text:nwk_NVObj</name>
         <load_address>0xbcfa</load_address>
         <run_address>0xbcfa</run_address>
         <size>0x4</size>
         <input_file_ref idref="fl-9"/>
      </object_component>
      <object_component id="oc-8af">
         <name>.text:nwk_processFreq</name>
         <load_address>0xbcfe</load_address>
         <run_address>0xbcfe</run_address>
         <size>0x4</size>
         <input_file_ref idref="fl-e"/>
      </object_component>
      <object_component id="oc-8a9">
         <name>.text:nwk_processSecurity</name>
         <load_address>0xbd02</load_address>
         <run_address>0xbd02</run_address>
         <size>0x4</size>
         <input_file_ref idref="fl-14"/>
      </object_component>
      <object_component id="oc-66d">
         <name>.text:_system_post_cinit</name>
         <load_address>0xbd06</load_address>
         <run_address>0xbd06</run_address>
         <size>0x2</size>
         <input_file_ref idref="fl-62"/>
      </object_component>
      <object_component id="oc-753">
         <name>.text:nwk_freqInit</name>
         <load_address>0xbd08</load_address>
         <run_address>0xbd08</run_address>
         <size>0x2</size>
         <input_file_ref idref="fl-e"/>
      </object_component>
      <object_component id="oc-771">
         <name>.text:nwk_securityInit</name>
         <load_address>0xbd0a</load_address>
         <run_address>0xbd0a</run_address>
         <size>0x2</size>
         <input_file_ref idref="fl-14"/>
      </object_component>
      <object_component id="oc-a49">
         <name>.cinit..data.load</name>
         <load_address>0xbd7a</load_address>
         <run_address>0xbd7a</run_address>
         <size>0x10</size>
      </object_component>
      <object_component id="oc-a46">
         <name>__TI_handler_table</name>
         <load_address>0xbd8a</load_address>
         <run_address>0xbd8a</run_address>
         <size>0xc</size>
      </object_component>
      <object_component id="oc-a48">
         <name>.cinit..bss.load</name>
         <load_address>0xbd96</load_address>
         <run_address>0xbd96</run_address>
         <size>0x6</size>
      </object_component>
      <object_component id="oc-a47">
         <name>__TI_cinit_table</name>
         <load_address>0xbd9c</load_address>
         <run_address>0xbd9c</run_address>
         <size>0x10</size>
      </object_component>
      <object_component id="oc-719">
         <name>.const:mrfiRadioCfg</name>
         <load_address>0xbd0c</load_address>
         <run_address>0xbd0c</run_address>
         <size>0x40</size>
         <input_file_ref idref="fl-8"/>
      </object_component>
      <object_component id="oc-6b9">
         <name>.const:func</name>
         <load_address>0xbd4c</load_address>
         <run_address>0xbd4c</run_address>
         <size>0x18</size>
         <input_file_ref idref="fl-c"/>
      </object_component>
      <object_component id="oc-81c">
         <name>.const:sVersionInfo</name>
         <load_address>0xbd64</load_address>
         <run_address>0xbd64</run_address>
         <size>0x5</size>
         <input_file_ref idref="fl-d"/>
      </object_component>
      <object_component id="oc-7eb">
         <name>.const</name>
         <load_address>0xbd69</load_address>
         <run_address>0xbd69</run_address>
         <size>0x1</size>
         <input_file_ref idref="fl-c"/>
      </object_component>
      <object_component id="oc-4ee">
         <name>.const:.string:mrfiBroadcastAddr</name>
         <load_address>0xbd6a</load_address>
         <run_address>0xbd6a</run_address>
         <size>0x4</size>
         <input_file_ref idref="fl-8"/>
      </object_component>
[...]
         <name>nwk_getMyAddress</name>
         <value>0xbbc2</value>
         <object_component_ref idref="oc-56b"/>
      </symbol>
      <symbol id="sm-8de">
         <name>nwk_freqInit</name>
         <value>0xbd08</value>
         <object_component_ref idref="oc-753"/>
      </symbol>
      <symbol id="sm-8df">
         <name>nwk_processFreq</name>
         <value>0xbcfe</value>
         <object_component_ref idref="oc-8af"/>
      </symbol>
      <symbol id="sm-91e">
         <name>nwk_radioControl</name>
         <value>0xa12e</value>
         <object_component_ref idref="oc-850"/>
      </symbol>
      <symbol id="sm-91f">
         <name>nwk_rawSend</name>
         <value>0xab0e</value>
         <object_component_ref idref="oc-856"/>
      </symbol>
      <symbol id="sm-920">
         <name>nwk_rawReceive</name>
         <value>0xb3f6</value>
         <object_component_ref idref="oc-85c"/>
      </symbol>
      <symbol id="sm-921">
         <name>nwk_connectionControl</name>
         <value>0xb75c</value>
         <object_component_ref idref="oc-844"/>
      </symbol>
      <symbol id="sm-922">
         <name>nwk_deviceAddress</name>
         <value>0xb300</value>
         <object_component_ref idref="oc-84a"/>
      </symbol>
      <symbol id="sm-961">
         <name>nwk_getJoinToken</name>
         <value>0xbb9e</value>
         <object_component_ref idref="oc-82c"/>
      </symbol>
      <symbol id="sm-962">
         <name>nwk_processJoin</name>
         <value>0xb9ae</value>
         <object_component_ref idref="oc-8a3"/>
      </symbol>
      <symbol id="sm-963">
         <name>nwk_setJoinToken</name>
         <value>0xbbd4</value>
         <object_component_ref idref="oc-832"/>
      </symbol>
      <symbol id="sm-964">
         <name>nwk_joinInit</name>
         <value>0xb7a8</value>
         <object_component_ref idref="oc-75f"/>
      </symbol>
      <symbol id="sm-965">
         <name>nwk_join</name>
         <value>0x9aec</value>
         <object_component_ref idref="oc-57d"/>
      </symbol>
      <symbol id="sm-9e6">
         <name>nwk_linkInit</name>
         <value>0xb364</value>
         <object_component_ref idref="oc-76b"/>
      </symbol>
      <symbol id="sm-9e7">
         <name>nwk_unlink_forces</name>
         <value>0xb9ce</value>
         <object_component_ref idref="oc-486"/>
      </symbol>
      <symbol id="sm-9e8">
         <name>nwk_setLinkToken</name>
         <value>0xbbe6</value>
         <object_component_ref idref="oc-78a"/>
      </symbol>
      <symbol id="sm-9e9">
         <name>nwk_link</name>
         <value>0x91bc</value>
         <object_component_ref idref="oc-48c"/>
      </symbol>
      <symbol id="sm-9ea">
         <name>nwk_getLinkToken</name>
         <value>0xbbb0</value>
         <object_component_ref idref="oc-826"/>
      </symbol>
      <symbol id="sm-9eb">
         <name>nwk_processLink</name>
         <value>0xb7ce</value>
         <object_component_ref idref="oc-89d"/>
      </symbol>
      <symbol id="sm-a08">
         <name>nwk_mgmtInit</name>
         <value>0xbca6</value>
         <object_component_ref idref="oc-765"/>
      </symbol>
      <symbol id="sm-a09">
         <name>nwk_processMgmt</name>
         <value>0xb184</value>
         <object_component_ref idref="oc-8b5"/>
      </symbol>
      <symbol id="sm-a36">
         <name>nwk_processPing</name>
         <value>0xb70e</value>
         <object_component_ref idref="oc-897"/>
      </symbol>
      <symbol id="sm-a37">
         <name>nwk_pingInit</name>
         <value>0xbcb0</value>
         <object_component_ref idref="oc-759"/>
      </symbol>
      <symbol id="sm-a4a">
         <name>nwk_securityInit</name>
         <value>0xbd0a</value>
         <object_component_ref idref="oc-771"/>
      </symbol>
      <symbol id="sm-a4b">
         <name>nwk_processSecurity</name>
         <value>0xbd02</value>
         <object_component_ref idref="oc-8a9"/>
      </symbol>
      <symbol id="sm-a5e">
         <name>__mspabi_sral</name>
         <value>0xbc08</value>
         <object_component_ref idref="oc-72e"/>
      </symbol>
      <symbol id="sm-a5f">
         <name>__mspabi_sral_15</name>
         <value>0xaf66</value>
         <object_component_ref idref="oc-58c"/>
      </symbol>
      <symbol id="sm-a60">
         <name>__mspabi_sral_14</name>
         <value>0xaf6a</value>
         <object_component_ref idref="oc-58c"/>
      </symbol>
      <symbol id="sm-a61">
         <name>__mspabi_sral_13</name>
         <value>0xaf6e</value>
         <object_component_ref idref="oc-58c"/>
      </symbol>
      <symbol id="sm-a62">
         <name>__mspabi_sral_12</name>
         <value>0xaf72</value>
         <object_component_ref idref="oc-58c"/>
      </symbol>
      <symbol id="sm-a63">
         <name>__mspabi_sral_11</name>
         <value>0xaf76</value>
         <object_component_ref idref="oc-58c"/>
      </symbol>
      <symbol id="sm-a64">
         <name>__mspabi_sral_10</name>
         <value>0xaf7a</value>
         <object_component_ref idref="oc-58c"/>
      </symbol>
      <symbol id="sm-a65">
         <name>__mspabi_sral_8</name>
         <value>0xaf82</value>
         <object_component_ref idref="oc-58c"/>
      </symbol>
      <symbol id="sm-a66">
         <name>__mspabi_sral_9</name>
         <value>0xaf7e</value>
         <object_component_ref idref="oc-58c"/>
      </symbol>
      <symbol id="sm-a67">
         <name>__mspabi_sral_6</name>
         <value>0xaf8a</value>
         <object_component_ref idref="oc-58c"/>
      </symbol>
      <symbol id="sm-a68">
         <name>__mspabi_sral_7</name>
         <value>0xaf86</value>
         <object_component_ref idref="oc-58c"/>
      </symbol>
      <symbol id="sm-a69">
         <name>__mspabi_sral_4</name>
         <value>0xaf92</value>
         <object_component_ref idref="oc-58c"/>
      </symbol>
      <symbol id="sm-a6a">
         <name>__mspabi_sral_5</name>
         <value>0xaf8e</value>
         <object_component_ref idref="oc-58c"/>
      </symbol>
      <symbol id="sm-a6b">
         <name>__mspabi_sral_2</name>
         <value>0xaf9a</value>
         <object_component_ref idref="oc-58c"/>
      </symbol>
      <symbol id="sm-a6c">
         <name>__mspabi_sral_3</name>
         <value>0xaf96</value>
         <object_component_ref idref="oc-58c"/>
      </symbol>
      <symbol id="sm-a6d">
         <name>__mspabi_sral_1</name>
         <value>0xaf9e</value>
         <object_component_ref idref="oc-58c"/>
      </symbol>
      <symbol id="sm-a79">
         <name>__mspabi_remi</name>
         <value>0xb618</value>
         <object_component_ref idref="oc-4f2"/>
      </symbol>
      <symbol id="sm-a7a">
         <name>__mspabi_divi</name>
         <value>0xb618</value>
         <object_component_ref idref="oc-4f2"/>
      </symbol>
      <symbol id="sm-a84">
         <name>__mspabi_remu</name>
         <value>0xbb12</value>
         <object_component_ref idref="oc-69b"/>
      </symbol>
      <symbol id="sm-a85">
         <name>__mspabi_divu</name>
         <value>0xbb12</value>
         <object_component_ref idref="oc-69b"/>
      </symbol>
      <symbol id="sm-a91">
         <name>__mspabi_remli</name>
         <value>0xaeaa</value>
         <object_component_ref idref="oc-591"/>
      </symbol>
      <symbol id="sm-a92">
         <name>__mspabi_divli</name>
         <value>0xaeaa</value>
         <object_component_ref idref="oc-591"/>
      </symbol>
      <symbol id="sm-aa0">
         <name>__mspabi_remul</name>
         <value>0xa9be</value>
         <object_component_ref idref="oc-733"/>
      </symbol>
      <symbol id="sm-aa1">
         <name>__mspabi_divul</name>
         <value>0xa9be</value>
         <object_component_ref idref="oc-733"/>
      </symbol>
      <symbol id="sm-aa9">
         <name>__TI_int45</name>
         <value>0xffda</value>
         <object_component_ref idref="oc-73"/>
      </symbol>
      <symbol id="sm-aac">
         <name>__TI_int46</name>
         <value>0xffdc</value>
         <object_component_ref idref="oc-74"/>
      </symbol>
      <symbol id="sm-aaf">
         <name>__TI_int48</name>
         <value>0xffe0</value>
         <object_component_ref idref="oc-75"/>
      </symbol>
      <symbol id="sm-ab2">
         <name>__TI_int49</name>
         <value>0xffe2</value>
         <object_component_ref idref="oc-76"/>
      </symbol>
      <symbol id="sm-ab5">
         <name>__TI_int52</name>
         <value>0xffe8</value>
         <object_component_ref idref="oc-79"/>
      </symbol>
      <symbol id="sm-ab8">
         <name>__TI_int54</name>
         <value>0xffec</value>
         <object_component_ref idref="oc-7b"/>
      </symbol>
      <symbol id="sm-abb">
         <name>__TI_int55</name>
         <value>0xffee</value>
         <object_component_ref idref="oc-7c"/>
      </symbol>
      <symbol id="sm-abe">
         <name>__TI_int58</name>
         <value>0xfff4</value>
         <object_component_ref idref="oc-7f"/>
      </symbol>
      <symbol id="sm-ac1">
         <name>__TI_int59</name>
         <value>0xfff6</value>
         <object_component_ref idref="oc-80"/>
      </symbol>
      <symbol id="sm-ac4">
         <name>__TI_int60</name>
         <value>0xfff8</value>
         <object_component_ref idref="oc-81"/>
      </symbol>
      <symbol id="sm-ac7">
         <name>__TI_int61</name>
         <value>0xfffa</value>
         <object_component_ref idref="oc-82"/>
      </symbol>
      <symbol id="sm-aca">
         <name>__TI_int62</name>
         <value>0xfffc</value>
         <object_component_ref idref="oc-83"/>
      </symbol>
      <symbol id="sm-ad2">
         <name>__TI_ISR_TRAP</name>
         <value>0xbcba</value>
         <object_component_ref idref="oc-305"/>
      </symbol>
      <symbol id="sm-ada">
         <name>__mspabi_slll_9</name>
         <value>0xafbc</value>
         <object_component_ref idref="oc-5cb"/>
      </symbol>
      <symbol id="sm-adb">
         <name>__mspabi_slll_8</name>
         <value>0xafc0</value>
         <object_component_ref idref="oc-5cb"/>
      </symbol>
      <symbol id="sm-adc">
         <name>__mspabi_slll_7</name>
         <value>0xafc4</value>
         <object_component_ref idref="oc-5cb"/>
      </symbol>
      <symbol id="sm-add">
         <name>__mspabi_slll_6</name>
         <value>0xafc8</value>
         <object_component_ref idref="oc-5cb"/>
      </symbol>
      <symbol id="sm-ade">
         <name>__mspabi_slll_5</name>
         <value>0xafcc</value>
         <object_component_ref idref="oc-5cb"/>
      </symbol>
      <symbol id="sm-adf">
         <name>__mspabi_slll_4</name>
         <value>0xafd0</value>
         <object_component_ref idref="oc-5cb"/>
      </symbol>
      <symbol id="sm-ae0">
         <name>__mspabi_slll_3</name>
         <value>0xafd4</value>
         <object_component_ref idref="oc-5cb"/>
      </symbol>
      <symbol id="sm-ae1">
         <name>__mspabi_slll_2</name>
         <value>0xafd8</value>
         <object_component_ref idref="oc-5cb"/>
      </symbol>
      <symbol id="sm-ae2">
         <name>__mspabi_slll_1</name>
         <value>0xafdc</value>
         <object_component_ref idref="oc-5cb"/>
      </symbol>
      <symbol id="sm-ae3">
         <name>__mspabi_slll_15</name>
         <value>0xafa4</value>
         <object_component_ref idref="oc-5cb"/>
      </symbol>
      <symbol id="sm-ae4">
         <name>__mspabi_slll_14</name>
         <value>0xafa8</value>
         <object_component_ref idref="oc-5cb"/>
      </symbol>
      <symbol id="sm-ae5">
         <name>__mspabi_slll_13</name>
         <value>0xafac</value>
         <object_component_ref idref="oc-5cb"/>
      </symbol>
      <symbol id="sm-ae6">
         <name>__mspabi_slll_12</name>
         <value>0xafb0</value>
         <object_component_ref idref="oc-5cb"/>
      </symbol>
      <symbol id="sm-ae7">
         <name>__mspabi_slll_11</name>
         <value>0xafb4</value>
         <object_component_ref idref="oc-5cb"/>
      </symbol>
      <symbol id="sm-ae8">
         <name>__mspabi_slll_10</name>
         <value>0xafb8</value>
         <object_component_ref idref="oc-5cb"/>
      </symbol>
      <symbol id="sm-af8">
         <name>__mspabi_srll_8</name>
         <value>0xaffe</value>
         <object_component_ref idref="oc-7d7"/>
      </symbol>
      <symbol id="sm-af9">
         <name>__mspabi_srll_9</name>
         <value>0xaffa</value>
         <object_component_ref idref="oc-7d7"/>
      </symbol>
      <symbol id="sm-afa">
         <name>__mspabi_srll_6</name>
         <value>0xb006</value>
         <object_component_ref idref="oc-7d7"/>
      </symbol>
      <symbol id="sm-afb">
         <name>__mspabi_srll_7</name>
         <value>0xb002</value>
         <object_component_ref idref="oc-7d7"/>
      </symbol>
      <symbol id="sm-afc">
         <name>__mspabi_srll_4</name>
         <value>0xb00e</value>
         <object_component_ref idref="oc-7d7"/>
      </symbol>
      <symbol id="sm-afd">
         <name>__mspabi_srll_5</name>
         <value>0xb00a</value>
         <object_component_ref idref="oc-7d7"/>
      </symbol>
      <symbol id="sm-afe">
         <name>__mspabi_srll_2</name>
         <value>0xb016</value>
         <object_component_ref idref="oc-7d7"/>
      </symbol>
      <symbol id="sm-aff">
         <name>__mspabi_srll_3</name>
         <value>0xb012</value>
         <object_component_ref idref="oc-7d7"/>
      </symbol>
      <symbol id="sm-b00">
         <name>__mspabi_srll_1</name>
         <value>0xb01a</value>
         <object_component_ref idref="oc-7d7"/>
      </symbol>
      <symbol id="sm-b01">
         <name>__mspabi_srll_15</name>
         <value>0xafe2</value>
         <object_component_ref idref="oc-7d7"/>
      </symbol>
      <symbol id="sm-b02">
         <name>__mspabi_srll_14</name>
         <value>0xafe6</value>
         <object_component_ref idref="oc-7d7"/>
      </symbol>
      <symbol id="sm-b03">
         <name>__mspabi_srll_13</name>
         <value>0xafea</value>
         <object_component_ref idref="oc-7d7"/>
      </symbol>
      <symbol id="sm-b04">
         <name>__mspabi_srll_12</name>
         <value>0xafee</value>
         <object_component_ref idref="oc-7d7"/>
      </symbol>
      <symbol id="sm-b05">
         <name>__mspabi_srll_11</name>
         <value>0xaff2</value>
         <object_component_ref idref="oc-7d7"/>
      </symbol>
      <symbol id="sm-b06">
         <name>__mspabi_srll_10</name>
         <value>0xaff6</value>
         <object_component_ref idref="oc-7d7"/>
      </symbol>
      <symbol id="sm-b07">
         <name>__mspabi_srll</name>
         <value>0xbc18</value>
         <object_component_ref idref="oc-7cf"/>
      </symbol>
      <symbol id="sm-b10">
         <name>__mspabi_mpyi_f5hw</name>
         <value>0xbab8</value>
         <object_component_ref idref="oc-738"/>
      </symbol>
      <symbol id="sm-b1a">
         <name>__mspabi_mpyl_f5hw</name>
         <value>0xb862</value>
         <object_component_ref idref="oc-597"/>
      </symbol>
      <symbol id="sm-b22">
         <name>__mspabi_mpyull_f5hw</name>
         <value>0xb53c</value>
         <object_component_ref idref="oc-923"/>
      </symbol>
      <symbol id="sm-b2b">
         <name>__mspabi_mpyll_f5hw</name>
         <value>0xa8ae</value>
         <object_component_ref idref="oc-5a1"/>
      </symbol>
      <symbol id="sm-b3b">
         <name>_stack</name>
         <value>0x2bac</value>
         <object_component_ref idref="oc-2ea"/>
      </symbol>
      <symbol id="sm-b3c">
         <name>_c_int00_noargs</name>
         <value>0xba64</value>
         <object_component_ref idref="oc-33a"/>
      </symbol>
      <symbol id="sm-b3d">
         <name>_reset_vector</name>
         <value>0xfffe</value>
         <object_component_ref idref="oc-2ed"/>
      </symbol>
      <symbol id="sm-b5f">
         <name>__TI_auto_init_nobinit_nopinit_hold_wdt</name>
         <value>0xa644</value>
         <object_component_ref idref="oc-4bd"/>
      </symbol>
      <symbol id="sm-b6f">
         <name>__TI_zero_init_nomemset</name>
         <value>0xaeea</value>
         <object_component_ref idref="oc-328"/>
      </symbol>
      <symbol id="sm-b7e">
         <name>__mspabi_sllll</name>
         <value>0xb0d6</value>
         <object_component_ref idref="oc-5a6"/>
      </symbol>
      <symbol id="sm-b8b">
         <name>__mspabi_srlll</name>
         <value>0xb110</value>
         <object_component_ref idref="oc-7ba"/>
      </symbol>
      <symbol id="sm-ba3">
         <name>__mspabi_divlli</name>
         <value>0x9312</value>
         <object_component_ref idref="oc-5ac"/>
      </symbol>
      <symbol id="sm-bd6">
         <name>__mspabi_divull</name>
         <value>0x83be</value>
         <object_component_ref idref="oc-7b2"/>
      </symbol>
      <symbol id="sm-bdf">
         <name>_system_post_cinit</name>
         <value>0xbd06</value>
         <object_component_ref idref="oc-66d"/>
      </symbol>
      <symbol id="sm-bf0">
         <name>__TI_decompress_none</name>
         <value>0xb05e</value>
         <object_component_ref idref="oc-6d"/>
      </symbol>
      <symbol id="sm-c11">
         <name>__TI_decompress_lzss</name>
         <value>0x9bdc</value>
         <object_component_ref idref="oc-67"/>
      </symbol>
      <symbol id="sm-c29">
         <name>__mspabi_fixdli</name>
         <value>0xa77e</value>
         <object_component_ref idref="oc-5be"/>
      </symbol>
      <symbol id="sm-c39">
         <name>__mspabi_fixdul</name>
         <value>0xa6ae</value>
         <object_component_ref idref="oc-5d6"/>
      </symbol>
      <symbol id="sm-c53">
         <name>__mspabi_fltllid</name>
         <value>0x9588</value>
         <object_component_ref idref="oc-5b2"/>
      </symbol>
      <symbol id="sm-c68">
         <name>__mspabi_fltuld</name>
         <value>0xa548</value>
         <object_component_ref idref="oc-5d0"/>
      </symbol>
      <symbol id="sm-c8f">
         <name>__mspabi_mpyd</name>
         <value>0x870c</value>
         <object_component_ref idref="oc-5b8"/>
      </symbol>
      <symbol id="sm-c9c">
         <name>C$$EXIT</name>
         <value>0xbcd0</value>
         <object_component_ref idref="oc-499"/>
      </symbol>
      <symbol id="sm-c9d">
         <name>abort</name>
         <value>0xbcd0</value>
         <object_component_ref idref="oc-499"/>
      </symbol>
      <symbol id="sm-cae">
         <name>memcmp</name>
         <value>0xb8ec</value>
         <object_component_ref idref="oc-6b3"/>
      </symbol>
      <symbol id="sm-cbc">
         <name>memcpy</name>
         <value>0xbb8c</value>
         <object_component_ref idref="oc-471"/>
      </symbol>
      <symbol id="sm-ccc">
         <name>memmove</name>
         <value>0xb6e6</value>
         <object_component_ref idref="oc-814"/>
      </symbol>
      <symbol id="sm-cda">
         <name>memset</name>
         <value>0xbb66</value>
         <object_component_ref idref="oc-3ee"/>
      </symbol>
      <symbol id="sm-ce4">
         <name>llabs</name>
         <value>0xbafc</value>
         <object_component_ref idref="oc-7ac"/>
      </symbol>
      <symbol id="sm-cf1">
         <name>__memcpy_far</name>
         <value>0xae2a</value>
         <object_component_ref idref="oc-2f9"/>
      </symbol>
      <symbol id="sm-d00">
         <name>__mspabi_srall</name>
         <value>0xae6a</value>
         <object_component_ref idref="oc-7a6"/>
      </symbol>
      <symbol id="sm-d0b">
         <name>__TI_frcmpyd</name>
         <value>0x9058</value>
         <object_component_ref idref="oc-7c7"/>
      </symbol>
      <symbol id="sm-d0e">
         <name>SMPL_Link</name>
         <value>0x91bc</value>
      </symbol>
      <symbol id="sm-d0f">
         <name>SMPL_UnlinkForced</name>
         <value>0xb9ce</value>
      </symbol>
   </symbol_table>
   <title>Link successful</title>
</link_info>
